[0.020s] Invoking command in '/home/zima/d_hospital/build/d_hospital_teleop': CMAKE_PREFIX_PATH=${CMAKE_PREFIX_PATH}:/opt/ros/humble PS1=\[\e]0;\u@\h: \w\a\]${debian_chroot:+($debian_chroot)}\[\033[01;32m\]\u@\h\[\033[00m\]:\[\033[01;34m\]\w\[\033[00m\]\$ /usr/bin/cmake /home/zima/d_hospital/src/d_hospital_teleop -DCMAKE_INSTALL_PREFIX=/home/zima/d_hospital/install/d_hospital_teleop
[0.159s] -- The C compiler identification is GNU 11.4.0
[0.252s] -- The CXX compiler identification is GNU 11.4.0
[0.261s] -- Detecting C compiler ABI info
[0.332s] -- Detecting C compiler ABI info - done
[0.339s] -- Check for working C compiler: /usr/bin/cc - skipped
[0.340s] -- Detecting C compile features
[0.340s] -- Detecting C compile features - done
[0.343s] -- Detecting CXX compiler ABI info
[0.418s] -- Detecting CXX compiler ABI info - done
[0.424s] -- Check for working CXX compiler: /usr/bin/c++ - skipped
[0.424s] -- Detecting CXX compile features
[0.424s] -- Detecting CXX compile features - done
[0.431s] -- Found ament_cmake: 1.3.11 (/opt/ros/humble/share/ament_cmake/cmake)
[0.559s] -- Found Python3: /usr/bin/python3 (found version "3.10.12") found components: Interpreter 
[0.729s] -- Configuring done
[0.732s] -- Generating done
[0.734s] -- Build files have been written to: /home/zima/d_hospital/build/d_hospital_teleop
[0.742s] Invoked command in '/home/zima/d_hospital/build/d_hospital_teleop' returned '0': CMAKE_PREFIX_PATH=${CMAKE_PREFIX_PATH}:/opt/ros/humble PS1=\[\e]0;\u@\h: \w\a\]${debian_chroot:+($debian_chroot)}\[\033[01;32m\]\u@\h\[\033[00m\]:\[\033[01;34m\]\w\[\033[00m\]\$ /usr/bin/cmake /home/zima/d_hospital/src/d_hospital_teleop -DCMAKE_INSTALL_PREFIX=/home/zima/d_hospital/install/d_hospital_teleop
[0.744s] Invoking command in '/home/zima/d_hospital/build/d_hospital_teleop': CMAKE_PREFIX_PATH=${CMAKE_PREFIX_PATH}:/opt/ros/humble PS1=\[\e]0;\u@\h: \w\a\]${debian_chroot:+($debian_chroot)}\[\033[01;32m\]\u@\h\[\033[00m\]:\[\033[01;34m\]\w\[\033[00m\]\$ /usr/bin/cmake --build /home/zima/d_hospital/build/d_hospital_teleop -- -j16 -l16
[0.782s] Invoked command in '/home/zima/d_hospital/build/d_hospital_teleop' returned '0': CMAKE_PREFIX_PATH=${CMAKE_PREFIX_PATH}:/opt/ros/humble PS1=\[\e]0;\u@\h: \w\a\]${debian_chroot:+($debian_chroot)}\[\033[01;32m\]\u@\h\[\033[00m\]:\[\033[01;34m\]\w\[\033[00m\]\$ /usr/bin/cmake --build /home/zima/d_hospital/build/d_hospital_teleop -- -j16 -l16
[0.784s] Invoking command in '/home/zima/d_hospital/build/d_hospital_teleop': CMAKE_PREFIX_PATH=${CMAKE_PREFIX_PATH}:/opt/ros/humble PS1=\[\e]0;\u@\h: \w\a\]${debian_chroot:+($debian_chroot)}\[\033[01;32m\]\u@\h\[\033[00m\]:\[\033[01;34m\]\w\[\033[00m\]\$ /usr/bin/cmake --install /home/zima/d_hospital/build/d_hospital_teleop
[0.791s] -- Install configuration: ""
[0.791s] -- Installing: /home/zima/d_hospital/install/d_hospital_teleop/share/d_hospital_teleop/config
[0.791s] -- Installing: /home/zima/d_hospital/install/d_hospital_teleop/share/d_hospital_teleop/config/joystick.yaml
[0.791s] -- Installing: /home/zima/d_hospital/install/d_hospital_teleop/share/d_hospital_teleop/config/twist_mux.yaml
[0.791s] -- Installing: /home/zima/d_hospital/install/d_hospital_teleop/share/d_hospital_teleop/launch
[0.791s] -- Installing: /home/zima/d_hospital/install/d_hospital_teleop/share/d_hospital_teleop/launch/keyboard_launch.py
[0.792s] -- Installing: /home/zima/d_hospital/install/d_hospital_teleop/share/d_hospital_teleop/launch/joystick_launch.py
[0.792s] -- Installing: /home/zima/d_hospital/install/d_hospital_teleop/share/ament_index/resource_index/package_run_dependencies/d_hospital_teleop
[0.792s] -- Installing: /home/zima/d_hospital/install/d_hospital_teleop/share/ament_index/resource_index/parent_prefix_path/d_hospital_teleop
[0.792s] -- Installing: /home/zima/d_hospital/install/d_hospital_teleop/share/d_hospital_teleop/environment/ament_prefix_path.sh
[0.793s] -- Installing: /home/zima/d_hospital/install/d_hospital_teleop/share/d_hospital_teleop/environment/ament_prefix_path.dsv
[0.793s] -- Installing: /home/zima/d_hospital/install/d_hospital_teleop/share/d_hospital_teleop/environment/path.sh
[0.794s] -- Installing: /home/zima/d_hospital/install/d_hospital_teleop/share/d_hospital_teleop/environment/path.dsv
[0.794s] -- Installing: /home/zima/d_hospital/install/d_hospital_teleop/share/d_hospital_teleop/local_setup.bash
[0.794s] -- Installing: /home/zima/d_hospital/install/d_hospital_teleop/share/d_hospital_teleop/local_setup.sh
[0.794s] -- Installing: /home/zima/d_hospital/install/d_hospital_teleop/share/d_hospital_teleop/local_setup.zsh
[0.794s] -- Installing: /home/zima/d_hospital/install/d_hospital_teleop/share/d_hospital_teleop/local_setup.dsv
[0.795s] -- Installing: /home/zima/d_hospital/install/d_hospital_teleop/share/d_hospital_teleop/package.dsv
[0.795s] -- Installing: /home/zima/d_hospital/install/d_hospital_teleop/share/ament_index/resource_index/packages/d_hospital_teleop
[0.795s] -- Installing: /home/zima/d_hospital/install/d_hospital_teleop/share/d_hospital_teleop/cmake/d_hospital_teleopConfig.cmake
[0.795s] -- Installing: /home/zima/d_hospital/install/d_hospital_teleop/share/d_hospital_teleop/cmake/d_hospital_teleopConfig-version.cmake
[0.795s] -- Installing: /home/zima/d_hospital/install/d_hospital_teleop/share/d_hospital_teleop/package.xml
[0.815s] Invoked command in '/home/zima/d_hospital/build/d_hospital_teleop' returned '0': CMAKE_PREFIX_PATH=${CMAKE_PREFIX_PATH}:/opt/ros/humble PS1=\[\e]0;\u@\h: \w\a\]${debian_chroot:+($debian_chroot)}\[\033[01;32m\]\u@\h\[\033[00m\]:\[\033[01;34m\]\w\[\033[00m\]\$ /usr/bin/cmake --install /home/zima/d_hospital/build/d_hospital_teleop
