[0.009s] Invoking command in '/home/zima/d_hospital/build/d_hospital_gz': CMAKE_PREFIX_PATH=/home/zima/d_hospital/install/d_hospital_description:/home/zima/d_hospital/install/minihema_launch:/home/zima/d_hospital/install/firmware_minihema:/home/zima/d_hospital/install/d_hospital_teleop:/home/zima/d_hospital/install/d_hospital_slam:/home/zima/d_hospital/install/d_hospital_navigation2:/home/zima/d_hospital/install/d_hospital_gz:/home/zima/d_hospital/install/d_hospital_gazebo2:/opt/ros/humble PS1=\[\e]0;\u@\h: \w\a\]${debian_chroot:+($debian_chroot)}\[\033[01;32m\]\u@\h\[\033[00m\]:\[\033[01;34m\]\w\[\033[00m\]\$ /usr/bin/cmake /home/zima/d_hospital/src/d_hospital_gz -DCMAKE_INSTALL_PREFIX=/home/zima/d_hospital/install/d_hospital_gz
[0.059s] -- The C compiler identification is GNU 11.4.0
[0.106s] -- The CXX compiler identification is GNU 11.4.0
[0.112s] -- Detecting C compiler ABI info
[0.174s] -- Detecting C compiler ABI info - done
[0.180s] -- Check for working C compiler: /usr/bin/cc - skipped
[0.180s] -- Detecting C compile features
[0.180s] -- Detecting C compile features - done
[0.183s] -- Detecting CXX compiler ABI info
[0.255s] -- Detecting CXX compiler ABI info - done
[0.261s] -- Check for working CXX compiler: /usr/bin/c++ - skipped
[0.262s] -- Detecting CXX compile features
[0.262s] -- Detecting CXX compile features - done
[0.265s] -- Found ament_cmake: 1.3.11 (/opt/ros/humble/share/ament_cmake/cmake)
[0.372s] -- Found Python3: /usr/bin/python3 (found version "3.10.12") found components: Interpreter 
[0.452s] -- Found urdf: 2.6.1 (/opt/ros/humble/share/urdf/cmake)
[0.558s] -- Configuring done
[0.561s] -- Generating done
[0.562s] -- Build files have been written to: /home/zima/d_hospital/build/d_hospital_gz
[0.567s] Invoked command in '/home/zima/d_hospital/build/d_hospital_gz' returned '0': CMAKE_PREFIX_PATH=/home/zima/d_hospital/install/d_hospital_description:/home/zima/d_hospital/install/minihema_launch:/home/zima/d_hospital/install/firmware_minihema:/home/zima/d_hospital/install/d_hospital_teleop:/home/zima/d_hospital/install/d_hospital_slam:/home/zima/d_hospital/install/d_hospital_navigation2:/home/zima/d_hospital/install/d_hospital_gz:/home/zima/d_hospital/install/d_hospital_gazebo2:/opt/ros/humble PS1=\[\e]0;\u@\h: \w\a\]${debian_chroot:+($debian_chroot)}\[\033[01;32m\]\u@\h\[\033[00m\]:\[\033[01;34m\]\w\[\033[00m\]\$ /usr/bin/cmake /home/zima/d_hospital/src/d_hospital_gz -DCMAKE_INSTALL_PREFIX=/home/zima/d_hospital/install/d_hospital_gz
[0.568s] Invoking command in '/home/zima/d_hospital/build/d_hospital_gz': CMAKE_PREFIX_PATH=/home/zima/d_hospital/install/d_hospital_description:/home/zima/d_hospital/install/minihema_launch:/home/zima/d_hospital/install/firmware_minihema:/home/zima/d_hospital/install/d_hospital_teleop:/home/zima/d_hospital/install/d_hospital_slam:/home/zima/d_hospital/install/d_hospital_navigation2:/home/zima/d_hospital/install/d_hospital_gz:/home/zima/d_hospital/install/d_hospital_gazebo2:/opt/ros/humble PS1=\[\e]0;\u@\h: \w\a\]${debian_chroot:+($debian_chroot)}\[\033[01;32m\]\u@\h\[\033[00m\]:\[\033[01;34m\]\w\[\033[00m\]\$ /usr/bin/cmake --build /home/zima/d_hospital/build/d_hospital_gz -- -j16 -l16
[0.601s] Invoked command in '/home/zima/d_hospital/build/d_hospital_gz' returned '0': CMAKE_PREFIX_PATH=/home/zima/d_hospital/install/d_hospital_description:/home/zima/d_hospital/install/minihema_launch:/home/zima/d_hospital/install/firmware_minihema:/home/zima/d_hospital/install/d_hospital_teleop:/home/zima/d_hospital/install/d_hospital_slam:/home/zima/d_hospital/install/d_hospital_navigation2:/home/zima/d_hospital/install/d_hospital_gz:/home/zima/d_hospital/install/d_hospital_gazebo2:/opt/ros/humble PS1=\[\e]0;\u@\h: \w\a\]${debian_chroot:+($debian_chroot)}\[\033[01;32m\]\u@\h\[\033[00m\]:\[\033[01;34m\]\w\[\033[00m\]\$ /usr/bin/cmake --build /home/zima/d_hospital/build/d_hospital_gz -- -j16 -l16
[0.603s] Invoking command in '/home/zima/d_hospital/build/d_hospital_gz': CMAKE_PREFIX_PATH=/home/zima/d_hospital/install/d_hospital_description:/home/zima/d_hospital/install/minihema_launch:/home/zima/d_hospital/install/firmware_minihema:/home/zima/d_hospital/install/d_hospital_teleop:/home/zima/d_hospital/install/d_hospital_slam:/home/zima/d_hospital/install/d_hospital_navigation2:/home/zima/d_hospital/install/d_hospital_gz:/home/zima/d_hospital/install/d_hospital_gazebo2:/opt/ros/humble PS1=\[\e]0;\u@\h: \w\a\]${debian_chroot:+($debian_chroot)}\[\033[01;32m\]\u@\h\[\033[00m\]:\[\033[01;34m\]\w\[\033[00m\]\$ /usr/bin/cmake --install /home/zima/d_hospital/build/d_hospital_gz
[0.612s] -- Install configuration: ""
[0.612s] -- Installing: /home/zima/d_hospital/install/d_hospital_gz/share/d_hospital_gz/config
[0.612s] -- Installing: /home/zima/d_hospital/install/d_hospital_gz/share/d_hospital_gz/config/lidarbot_bridge.yaml
[0.612s] -- Installing: /home/zima/d_hospital/install/d_hospital_gz/share/d_hospital_gz/launch
[0.612s] -- Installing: /home/zima/d_hospital/install/d_hospital_gz/share/d_hospital_gz/launch/gz_launch.py
[0.613s] -- Installing: /home/zima/d_hospital/install/d_hospital_gz/share/d_hospital_gz/models
[0.613s] -- Installing: /home/zima/d_hospital/install/d_hospital_gz/share/d_hospital_gz/models/construction_cone
[0.613s] -- Installing: /home/zima/d_hospital/install/d_hospital_gz/share/d_hospital_gz/models/construction_cone/meshes
[0.613s] -- Installing: /home/zima/d_hospital/install/d_hospital_gz/share/d_hospital_gz/models/construction_cone/meshes/construction_cone.dae
[0.613s] -- Installing: /home/zima/d_hospital/install/d_hospital_gz/share/d_hospital_gz/models/construction_cone/model.config
[0.614s] -- Installing: /home/zima/d_hospital/install/d_hospital_gz/share/d_hospital_gz/models/construction_cone/materials
[0.614s] -- Installing: /home/zima/d_hospital/install/d_hospital_gz/share/d_hospital_gz/models/construction_cone/materials/textures
[0.614s] -- Installing: /home/zima/d_hospital/install/d_hospital_gz/share/d_hospital_gz/models/construction_cone/materials/textures/Construction_Cone_Diffuse.png
[0.615s] -- Installing: /home/zima/d_hospital/install/d_hospital_gz/share/d_hospital_gz/models/construction_cone/model.sdf
[0.616s] -- Installing: /home/zima/d_hospital/install/d_hospital_gz/share/d_hospital_gz/models/construction_cone/model-1_4.sdf
[0.616s] -- Installing: /home/zima/d_hospital/install/d_hospital_gz/share/d_hospital_gz/models/construction_cone/model-1_3.sdf
[0.616s] -- Installing: /home/zima/d_hospital/install/d_hospital_gz/share/d_hospital_gz/models/construction_barrel
[0.616s] -- Installing: /home/zima/d_hospital/install/d_hospital_gz/share/d_hospital_gz/models/construction_barrel/meshes
[0.617s] -- Installing: /home/zima/d_hospital/install/d_hospital_gz/share/d_hospital_gz/models/construction_barrel/meshes/construction_barrel.dae
[0.617s] -- Installing: /home/zima/d_hospital/install/d_hospital_gz/share/d_hospital_gz/models/construction_barrel/model.config
[0.617s] -- Installing: /home/zima/d_hospital/install/d_hospital_gz/share/d_hospital_gz/models/construction_barrel/materials
[0.617s] -- Installing: /home/zima/d_hospital/install/d_hospital_gz/share/d_hospital_gz/models/construction_barrel/materials/textures
[0.618s] -- Installing: /home/zima/d_hospital/install/d_hospital_gz/share/d_hospital_gz/models/construction_barrel/materials/textures/Construction_Barrel_Spec.png
[0.619s] -- Installing: /home/zima/d_hospital/install/d_hospital_gz/share/d_hospital_gz/models/construction_barrel/materials/textures/Construction_Barrel_Diffuse.png
[0.620s] -- Installing: /home/zima/d_hospital/install/d_hospital_gz/share/d_hospital_gz/models/construction_barrel/model.sdf
[0.620s] -- Installing: /home/zima/d_hospital/install/d_hospital_gz/share/d_hospital_gz/models/construction_barrel/model-1_4.sdf
[0.620s] -- Installing: /home/zima/d_hospital/install/d_hospital_gz/share/d_hospital_gz/models/construction_barrel/model-1_3.sdf
[0.621s] -- Installing: /home/zima/d_hospital/install/d_hospital_gz/share/d_hospital_gz/urdf
[0.621s] -- Installing: /home/zima/d_hospital/install/d_hospital_gz/share/d_hospital_gz/urdf/sensors.xacro
[0.621s] -- Installing: /home/zima/d_hospital/install/d_hospital_gz/share/d_hospital_gz/urdf/d_hospital_gz.urdf.xacro
[0.621s] -- Installing: /home/zima/d_hospital/install/d_hospital_gz/share/d_hospital_gz/urdf/d_hospital_gz_core.xacro
[0.621s] -- Installing: /home/zima/d_hospital/install/d_hospital_gz/share/d_hospital_gz/worlds
[0.621s] -- Installing: /home/zima/d_hospital/install/d_hospital_gz/share/d_hospital_gz/worlds/obstacles.world
[0.622s] -- Installing: /home/zima/d_hospital/install/d_hospital_gz/share/ament_index/resource_index/package_run_dependencies/d_hospital_gz
[0.622s] -- Installing: /home/zima/d_hospital/install/d_hospital_gz/share/ament_index/resource_index/parent_prefix_path/d_hospital_gz
[0.622s] -- Installing: /home/zima/d_hospital/install/d_hospital_gz/share/d_hospital_gz/environment/ament_prefix_path.sh
[0.622s] -- Installing: /home/zima/d_hospital/install/d_hospital_gz/share/d_hospital_gz/environment/ament_prefix_path.dsv
[0.622s] -- Installing: /home/zima/d_hospital/install/d_hospital_gz/share/d_hospital_gz/environment/path.sh
[0.623s] -- Installing: /home/zima/d_hospital/install/d_hospital_gz/share/d_hospital_gz/environment/path.dsv
[0.623s] -- Installing: /home/zima/d_hospital/install/d_hospital_gz/share/d_hospital_gz/local_setup.bash
[0.623s] -- Installing: /home/zima/d_hospital/install/d_hospital_gz/share/d_hospital_gz/local_setup.sh
[0.623s] -- Installing: /home/zima/d_hospital/install/d_hospital_gz/share/d_hospital_gz/local_setup.zsh
[0.623s] -- Installing: /home/zima/d_hospital/install/d_hospital_gz/share/d_hospital_gz/local_setup.dsv
[0.623s] -- Installing: /home/zima/d_hospital/install/d_hospital_gz/share/d_hospital_gz/package.dsv
[0.623s] -- Installing: /home/zima/d_hospital/install/d_hospital_gz/share/ament_index/resource_index/packages/d_hospital_gz
[0.624s] -- Installing: /home/zima/d_hospital/install/d_hospital_gz/share/d_hospital_gz/cmake/d_hospital_gzConfig.cmake
[0.624s] -- Installing: /home/zima/d_hospital/install/d_hospital_gz/share/d_hospital_gz/cmake/d_hospital_gzConfig-version.cmake
[0.624s] -- Installing: /home/zima/d_hospital/install/d_hospital_gz/share/d_hospital_gz/package.xml
[0.626s] Invoked command in '/home/zima/d_hospital/build/d_hospital_gz' returned '0': CMAKE_PREFIX_PATH=/home/zima/d_hospital/install/d_hospital_description:/home/zima/d_hospital/install/minihema_launch:/home/zima/d_hospital/install/firmware_minihema:/home/zima/d_hospital/install/d_hospital_teleop:/home/zima/d_hospital/install/d_hospital_slam:/home/zima/d_hospital/install/d_hospital_navigation2:/home/zima/d_hospital/install/d_hospital_gz:/home/zima/d_hospital/install/d_hospital_gazebo2:/opt/ros/humble PS1=\[\e]0;\u@\h: \w\a\]${debian_chroot:+($debian_chroot)}\[\033[01;32m\]\u@\h\[\033[00m\]:\[\033[01;34m\]\w\[\033[00m\]\$ /usr/bin/cmake --install /home/zima/d_hospital/build/d_hospital_gz
