[0.021s] Invoking command in '/home/zima/d_hospital/build/d_hospital_slam': CMAKE_PREFIX_PATH=${CMAKE_PREFIX_PATH}:/opt/ros/humble PS1=\[\e]0;\u@\h: \w\a\]${debian_chroot:+($debian_chroot)}\[\033[01;32m\]\u@\h\[\033[00m\]:\[\033[01;34m\]\w\[\033[00m\]\$ /usr/bin/cmake /home/zima/d_hospital/src/d_hospital_slam -DCMAKE_INSTALL_PREFIX=/home/zima/d_hospital/install/d_hospital_slam
[0.167s] -- The C compiler identification is GNU 11.4.0
[0.253s] -- The CXX compiler identification is GNU 11.4.0
[0.262s] -- Detecting C compiler ABI info
[0.335s] -- Detecting C compiler ABI info - done
[0.347s] -- Check for working C compiler: /usr/bin/cc - skipped
[0.347s] -- Detecting C compile features
[0.348s] -- Detecting C compile features - done
[0.353s] -- Detecting CXX compiler ABI info
[0.426s] -- Detecting CXX compiler ABI info - done
[0.432s] -- Check for working CXX compiler: /usr/bin/c++ - skipped
[0.432s] -- Detecting CXX compile features
[0.433s] -- Detecting CXX compile features - done
[0.435s] -- Found ament_cmake: 1.3.11 (/opt/ros/humble/share/ament_cmake/cmake)
[0.562s] -- Found Python3: /usr/bin/python3 (found version "3.10.12") found components: Interpreter 
[0.731s] -- Configuring done
[0.734s] -- Generating done
[0.736s] -- Build files have been written to: /home/zima/d_hospital/build/d_hospital_slam
[0.742s] Invoked command in '/home/zima/d_hospital/build/d_hospital_slam' returned '0': CMAKE_PREFIX_PATH=${CMAKE_PREFIX_PATH}:/opt/ros/humble PS1=\[\e]0;\u@\h: \w\a\]${debian_chroot:+($debian_chroot)}\[\033[01;32m\]\u@\h\[\033[00m\]:\[\033[01;34m\]\w\[\033[00m\]\$ /usr/bin/cmake /home/zima/d_hospital/src/d_hospital_slam -DCMAKE_INSTALL_PREFIX=/home/zima/d_hospital/install/d_hospital_slam
[0.744s] Invoking command in '/home/zima/d_hospital/build/d_hospital_slam': CMAKE_PREFIX_PATH=${CMAKE_PREFIX_PATH}:/opt/ros/humble PS1=\[\e]0;\u@\h: \w\a\]${debian_chroot:+($debian_chroot)}\[\033[01;32m\]\u@\h\[\033[00m\]:\[\033[01;34m\]\w\[\033[00m\]\$ /usr/bin/cmake --build /home/zima/d_hospital/build/d_hospital_slam -- -j16 -l16
[0.775s] Invoked command in '/home/zima/d_hospital/build/d_hospital_slam' returned '0': CMAKE_PREFIX_PATH=${CMAKE_PREFIX_PATH}:/opt/ros/humble PS1=\[\e]0;\u@\h: \w\a\]${debian_chroot:+($debian_chroot)}\[\033[01;32m\]\u@\h\[\033[00m\]:\[\033[01;34m\]\w\[\033[00m\]\$ /usr/bin/cmake --build /home/zima/d_hospital/build/d_hospital_slam -- -j16 -l16
[0.783s] Invoking command in '/home/zima/d_hospital/build/d_hospital_slam': CMAKE_PREFIX_PATH=${CMAKE_PREFIX_PATH}:/opt/ros/humble PS1=\[\e]0;\u@\h: \w\a\]${debian_chroot:+($debian_chroot)}\[\033[01;32m\]\u@\h\[\033[00m\]:\[\033[01;34m\]\w\[\033[00m\]\$ /usr/bin/cmake --install /home/zima/d_hospital/build/d_hospital_slam
[0.789s] -- Install configuration: ""
[0.789s] -- Installing: /home/zima/d_hospital/install/d_hospital_slam/share/d_hospital_slam/config
[0.789s] -- Installing: /home/zima/d_hospital/install/d_hospital_slam/share/d_hospital_slam/config/mapper_params_online_async.yaml
[0.790s] -- Installing: /home/zima/d_hospital/install/d_hospital_slam/share/d_hospital_slam/launch
[0.790s] -- Installing: /home/zima/d_hospital/install/d_hospital_slam/share/d_hospital_slam/launch/online_async_launch.py
[0.790s] -- Installing: /home/zima/d_hospital/install/d_hospital_slam/share/d_hospital_slam/rviz
[0.790s] -- Installing: /home/zima/d_hospital/install/d_hospital_slam/share/d_hospital_slam/rviz/lidarbot_slam.rviz
[0.790s] -- Installing: /home/zima/d_hospital/install/d_hospital_slam/share/ament_index/resource_index/package_run_dependencies/d_hospital_slam
[0.790s] -- Installing: /home/zima/d_hospital/install/d_hospital_slam/share/ament_index/resource_index/parent_prefix_path/d_hospital_slam
[0.790s] -- Installing: /home/zima/d_hospital/install/d_hospital_slam/share/d_hospital_slam/environment/ament_prefix_path.sh
[0.791s] -- Installing: /home/zima/d_hospital/install/d_hospital_slam/share/d_hospital_slam/environment/ament_prefix_path.dsv
[0.791s] -- Installing: /home/zima/d_hospital/install/d_hospital_slam/share/d_hospital_slam/environment/path.sh
[0.791s] -- Installing: /home/zima/d_hospital/install/d_hospital_slam/share/d_hospital_slam/environment/path.dsv
[0.792s] -- Installing: /home/zima/d_hospital/install/d_hospital_slam/share/d_hospital_slam/local_setup.bash
[0.792s] -- Installing: /home/zima/d_hospital/install/d_hospital_slam/share/d_hospital_slam/local_setup.sh
[0.792s] -- Installing: /home/zima/d_hospital/install/d_hospital_slam/share/d_hospital_slam/local_setup.zsh
[0.792s] -- Installing: /home/zima/d_hospital/install/d_hospital_slam/share/d_hospital_slam/local_setup.dsv
[0.792s] -- Installing: /home/zima/d_hospital/install/d_hospital_slam/share/d_hospital_slam/package.dsv
[0.792s] -- Installing: /home/zima/d_hospital/install/d_hospital_slam/share/ament_index/resource_index/packages/d_hospital_slam
[0.792s] -- Installing: /home/zima/d_hospital/install/d_hospital_slam/share/d_hospital_slam/cmake/d_hospital_slamConfig.cmake
[0.792s] -- Installing: /home/zima/d_hospital/install/d_hospital_slam/share/d_hospital_slam/cmake/d_hospital_slamConfig-version.cmake
[0.792s] -- Installing: /home/zima/d_hospital/install/d_hospital_slam/share/d_hospital_slam/package.xml
[0.796s] Invoked command in '/home/zima/d_hospital/build/d_hospital_slam' returned '0': CMAKE_PREFIX_PATH=${CMAKE_PREFIX_PATH}:/opt/ros/humble PS1=\[\e]0;\u@\h: \w\a\]${debian_chroot:+($debian_chroot)}\[\033[01;32m\]\u@\h\[\033[00m\]:\[\033[01;34m\]\w\[\033[00m\]\$ /usr/bin/cmake --install /home/zima/d_hospital/build/d_hospital_slam
