[0.030s] Invoking command in '/home/zima/d_hospital/build/d_hospital_navigation2': CMAKE_PREFIX_PATH=${CMAKE_PREFIX_PATH}:/opt/ros/humble PS1=\[\e]0;\u@\h: \w\a\]${debian_chroot:+($debian_chroot)}\[\033[01;32m\]\u@\h\[\033[00m\]:\[\033[01;34m\]\w\[\033[00m\]\$ /usr/bin/cmake --build /home/zima/d_hospital/build/d_hospital_navigation2 -- -j16 -l16
[0.121s] Built target ament_cmake_python_copy_d_hospital_navigation2
[0.290s] running egg_info
[0.291s] writing d_hospital_navigation2.egg-info/PKG-INFO
[0.292s] writing dependency_links to d_hospital_navigation2.egg-info/dependency_links.txt
[0.292s] writing top-level names to d_hospital_navigation2.egg-info/top_level.txt
[0.294s] reading manifest file 'd_hospital_navigation2.egg-info/SOURCES.txt'
[0.294s] writing manifest file 'd_hospital_navigation2.egg-info/SOURCES.txt'
[0.312s] Built target ament_cmake_python_build_d_hospital_navigation2_egg
[0.320s] Invoked command in '/home/zima/d_hospital/build/d_hospital_navigation2' returned '0': CMAKE_PREFIX_PATH=${CMAKE_PREFIX_PATH}:/opt/ros/humble PS1=\[\e]0;\u@\h: \w\a\]${debian_chroot:+($debian_chroot)}\[\033[01;32m\]\u@\h\[\033[00m\]:\[\033[01;34m\]\w\[\033[00m\]\$ /usr/bin/cmake --build /home/zima/d_hospital/build/d_hospital_navigation2 -- -j16 -l16
[0.322s] Invoking command in '/home/zima/d_hospital/build/d_hospital_navigation2': CMAKE_PREFIX_PATH=${CMAKE_PREFIX_PATH}:/opt/ros/humble PS1=\[\e]0;\u@\h: \w\a\]${debian_chroot:+($debian_chroot)}\[\033[01;32m\]\u@\h\[\033[00m\]:\[\033[01;34m\]\w\[\033[00m\]\$ /usr/bin/cmake --install /home/zima/d_hospital/build/d_hospital_navigation2
[0.327s] -- Install configuration: ""
[0.327s] -- Up-to-date: /home/zima/d_hospital/install/d_hospital_navigation2/share/d_hospital_navigation2/config
[0.327s] -- Up-to-date: /home/zima/d_hospital/install/d_hospital_navigation2/share/d_hospital_navigation2/config/nav2_params.yaml
[0.327s] -- Up-to-date: /home/zima/d_hospital/install/d_hospital_navigation2/share/d_hospital_navigation2/config/ekf.yaml
[0.327s] -- Up-to-date: /home/zima/d_hospital/install/d_hospital_navigation2/share/d_hospital_navigation2/launch
[0.328s] -- Up-to-date: /home/zima/d_hospital/install/d_hospital_navigation2/share/d_hospital_navigation2/launch/localization_launch.py
[0.328s] -- Up-to-date: /home/zima/d_hospital/install/d_hospital_navigation2/share/d_hospital_navigation2/launch/navigation_launch.py
[0.328s] -- Up-to-date: /home/zima/d_hospital/install/d_hospital_navigation2/share/d_hospital_navigation2/maps
[0.328s] -- Up-to-date: /home/zima/d_hospital/install/d_hospital_navigation2/share/d_hospital_navigation2/maps/sim_map.data
[0.328s] -- Up-to-date: /home/zima/d_hospital/install/d_hospital_navigation2/share/d_hospital_navigation2/maps/sim_map.posegraph
[0.328s] -- Up-to-date: /home/zima/d_hospital/install/d_hospital_navigation2/share/d_hospital_navigation2/maps/sim_map.pgm
[0.328s] -- Up-to-date: /home/zima/d_hospital/install/d_hospital_navigation2/share/d_hospital_navigation2/maps/real_map3.pgm
[0.328s] -- Up-to-date: /home/zima/d_hospital/install/d_hospital_navigation2/share/d_hospital_navigation2/maps/real_map3.yaml
[0.328s] -- Up-to-date: /home/zima/d_hospital/install/d_hospital_navigation2/share/d_hospital_navigation2/maps/sim_map.yaml
[0.328s] -- Up-to-date: /home/zima/d_hospital/install/d_hospital_navigation2/share/d_hospital_navigation2/environment/pythonpath.sh
[0.328s] -- Up-to-date: /home/zima/d_hospital/install/d_hospital_navigation2/share/d_hospital_navigation2/environment/pythonpath.dsv
[0.328s] -- Up-to-date: /home/zima/d_hospital/install/d_hospital_navigation2/local/lib/python3.10/dist-packages/d_hospital_navigation2-0.0.0-py3.10.egg-info
[0.328s] -- Installing: /home/zima/d_hospital/install/d_hospital_navigation2/local/lib/python3.10/dist-packages/d_hospital_navigation2-0.0.0-py3.10.egg-info/top_level.txt
[0.328s] -- Installing: /home/zima/d_hospital/install/d_hospital_navigation2/local/lib/python3.10/dist-packages/d_hospital_navigation2-0.0.0-py3.10.egg-info/dependency_links.txt
[0.328s] -- Installing: /home/zima/d_hospital/install/d_hospital_navigation2/local/lib/python3.10/dist-packages/d_hospital_navigation2-0.0.0-py3.10.egg-info/PKG-INFO
[0.328s] -- Installing: /home/zima/d_hospital/install/d_hospital_navigation2/local/lib/python3.10/dist-packages/d_hospital_navigation2-0.0.0-py3.10.egg-info/SOURCES.txt
[0.328s] -- Up-to-date: /home/zima/d_hospital/install/d_hospital_navigation2/local/lib/python3.10/dist-packages/d_hospital_navigation2
[0.328s] -- Up-to-date: /home/zima/d_hospital/install/d_hospital_navigation2/local/lib/python3.10/dist-packages/d_hospital_navigation2/__init__.py
[0.350s] Listing '/home/zima/d_hospital/install/d_hospital_navigation2/local/lib/python3.10/dist-packages/d_hospital_navigation2'...
[0.353s] -- Up-to-date: /home/zima/d_hospital/install/d_hospital_navigation2/lib/d_hospital_navigation2/trajectory_visualizer.py
[0.354s] -- Up-to-date: /home/zima/d_hospital/install/d_hospital_navigation2/share/ament_index/resource_index/package_run_dependencies/d_hospital_navigation2
[0.354s] -- Up-to-date: /home/zima/d_hospital/install/d_hospital_navigation2/share/ament_index/resource_index/parent_prefix_path/d_hospital_navigation2
[0.354s] -- Up-to-date: /home/zima/d_hospital/install/d_hospital_navigation2/share/d_hospital_navigation2/environment/ament_prefix_path.sh
[0.354s] -- Up-to-date: /home/zima/d_hospital/install/d_hospital_navigation2/share/d_hospital_navigation2/environment/ament_prefix_path.dsv
[0.354s] -- Up-to-date: /home/zima/d_hospital/install/d_hospital_navigation2/share/d_hospital_navigation2/environment/path.sh
[0.354s] -- Up-to-date: /home/zima/d_hospital/install/d_hospital_navigation2/share/d_hospital_navigation2/environment/path.dsv
[0.354s] -- Up-to-date: /home/zima/d_hospital/install/d_hospital_navigation2/share/d_hospital_navigation2/local_setup.bash
[0.354s] -- Up-to-date: /home/zima/d_hospital/install/d_hospital_navigation2/share/d_hospital_navigation2/local_setup.sh
[0.354s] -- Up-to-date: /home/zima/d_hospital/install/d_hospital_navigation2/share/d_hospital_navigation2/local_setup.zsh
[0.354s] -- Up-to-date: /home/zima/d_hospital/install/d_hospital_navigation2/share/d_hospital_navigation2/local_setup.dsv
[0.354s] -- Installing: /home/zima/d_hospital/install/d_hospital_navigation2/share/d_hospital_navigation2/package.dsv
[0.354s] -- Up-to-date: /home/zima/d_hospital/install/d_hospital_navigation2/share/ament_index/resource_index/packages/d_hospital_navigation2
[0.354s] -- Up-to-date: /home/zima/d_hospital/install/d_hospital_navigation2/share/d_hospital_navigation2/cmake/d_hospital_navigation2Config.cmake
[0.354s] -- Up-to-date: /home/zima/d_hospital/install/d_hospital_navigation2/share/d_hospital_navigation2/cmake/d_hospital_navigation2Config-version.cmake
[0.354s] -- Up-to-date: /home/zima/d_hospital/install/d_hospital_navigation2/share/d_hospital_navigation2/package.xml
[0.356s] Invoked command in '/home/zima/d_hospital/build/d_hospital_navigation2' returned '0': CMAKE_PREFIX_PATH=${CMAKE_PREFIX_PATH}:/opt/ros/humble PS1=\[\e]0;\u@\h: \w\a\]${debian_chroot:+($debian_chroot)}\[\033[01;32m\]\u@\h\[\033[00m\]:\[\033[01;34m\]\w\[\033[00m\]\$ /usr/bin/cmake --install /home/zima/d_hospital/build/d_hospital_navigation2
