-- Install configuration: ""
-- Up-to-date: /home/zima/d_hospital/install/d_hospital_teleop/share/d_hospital_teleop/config
-- Up-to-date: /home/zima/d_hospital/install/d_hospital_teleop/share/d_hospital_teleop/config/joystick.yaml
-- Up-to-date: /home/zima/d_hospital/install/d_hospital_teleop/share/d_hospital_teleop/config/twist_mux.yaml
-- Up-to-date: /home/zima/d_hospital/install/d_hospital_teleop/share/d_hospital_teleop/launch
-- Up-to-date: /home/zima/d_hospital/install/d_hospital_teleop/share/d_hospital_teleop/launch/keyboard_launch.py
-- Up-to-date: /home/zima/d_hospital/install/d_hospital_teleop/share/d_hospital_teleop/launch/joystick_launch.py
-- Up-to-date: /home/zima/d_hospital/install/d_hospital_teleop/share/ament_index/resource_index/package_run_dependencies/d_hospital_teleop
-- Up-to-date: /home/zima/d_hospital/install/d_hospital_teleop/share/ament_index/resource_index/parent_prefix_path/d_hospital_teleop
-- Up-to-date: /home/zima/d_hospital/install/d_hospital_teleop/share/d_hospital_teleop/environment/ament_prefix_path.sh
-- Up-to-date: /home/zima/d_hospital/install/d_hospital_teleop/share/d_hospital_teleop/environment/ament_prefix_path.dsv
-- Up-to-date: /home/zima/d_hospital/install/d_hospital_teleop/share/d_hospital_teleop/environment/path.sh
-- Up-to-date: /home/zima/d_hospital/install/d_hospital_teleop/share/d_hospital_teleop/environment/path.dsv
-- Up-to-date: /home/zima/d_hospital/install/d_hospital_teleop/share/d_hospital_teleop/local_setup.bash
-- Up-to-date: /home/zima/d_hospital/install/d_hospital_teleop/share/d_hospital_teleop/local_setup.sh
-- Up-to-date: /home/zima/d_hospital/install/d_hospital_teleop/share/d_hospital_teleop/local_setup.zsh
-- Up-to-date: /home/zima/d_hospital/install/d_hospital_teleop/share/d_hospital_teleop/local_setup.dsv
-- Up-to-date: /home/zima/d_hospital/install/d_hospital_teleop/share/d_hospital_teleop/package.dsv
-- Up-to-date: /home/zima/d_hospital/install/d_hospital_teleop/share/ament_index/resource_index/packages/d_hospital_teleop
-- Up-to-date: /home/zima/d_hospital/install/d_hospital_teleop/share/d_hospital_teleop/cmake/d_hospital_teleopConfig.cmake
-- Up-to-date: /home/zima/d_hospital/install/d_hospital_teleop/share/d_hospital_teleop/cmake/d_hospital_teleopConfig-version.cmake
-- Up-to-date: /home/zima/d_hospital/install/d_hospital_teleop/share/d_hospital_teleop/package.xml
