[0.024s] Invoking command in '/home/zima/d_hospital/build/minihema_launch': CMAKE_PREFIX_PATH=${CMAKE_PREFIX_PATH}:/opt/ros/humble PS1=\[\e]0;\u@\h: \w\a\]${debian_chroot:+($debian_chroot)}\[\033[01;32m\]\u@\h\[\033[00m\]:\[\033[01;34m\]\w\[\033[00m\]\$ /usr/bin/cmake --build /home/zima/d_hospital/build/minihema_launch -- -j16 -l16
[0.070s] [ 33%] Built target mpu6050_covariances
[0.070s] [ 66%] Built target mpu6050_offsets
[0.072s] [100%] Built target mpu6050_hardware_interface
[0.134s] Invoked command in '/home/zima/d_hospital/build/minihema_launch' returned '0': CMAKE_PREFIX_PATH=${CMAKE_PREFIX_PATH}:/opt/ros/humble PS1=\[\e]0;\u@\h: \w\a\]${debian_chroot:+($debian_chroot)}\[\033[01;32m\]\u@\h\[\033[00m\]:\[\033[01;34m\]\w\[\033[00m\]\$ /usr/bin/cmake --build /home/zima/d_hospital/build/minihema_launch -- -j16 -l16
[0.136s] Invoking command in '/home/zima/d_hospital/build/minihema_launch': CMAKE_PREFIX_PATH=${CMAKE_PREFIX_PATH}:/opt/ros/humble PS1=\[\e]0;\u@\h: \w\a\]${debian_chroot:+($debian_chroot)}\[\033[01;32m\]\u@\h\[\033[00m\]:\[\033[01;34m\]\w\[\033[00m\]\$ /usr/bin/cmake --install /home/zima/d_hospital/build/minihema_launch
[0.142s] -- Install configuration: ""
[0.142s] -- Up-to-date: /home/zima/d_hospital/install/minihema_launch/share/minihema_launch/mpu6050_hardware.xml
[0.142s] -- Up-to-date: /home/zima/d_hospital/install/minihema_launch/include/mpu6050_hardware_interface
[0.142s] -- Up-to-date: /home/zima/d_hospital/install/minihema_launch/include/mpu6050_hardware_interface/minihema_launch
[0.142s] -- Up-to-date: /home/zima/d_hospital/install/minihema_launch/include/mpu6050_hardware_interface/minihema_launch/mpu6050_lib.h
[0.142s] -- Up-to-date: /home/zima/d_hospital/install/minihema_launch/include/mpu6050_hardware_interface/minihema_launch/mpu6050_hardware_interface.hpp
[0.142s] -- Up-to-date: /home/zima/d_hospital/install/minihema_launch/lib/minihema_launch/libmpu6050_hardware_interface.so
[0.142s] -- Up-to-date: /home/zima/d_hospital/install/minihema_launch/share/minihema_launch/config
[0.142s] -- Up-to-date: /home/zima/d_hospital/install/minihema_launch/share/minihema_launch/config/gazebo_ros2_ctl_use_sim.yaml
[0.142s] -- Up-to-date: /home/zima/d_hospital/install/minihema_launch/share/minihema_launch/config/controllers.yaml
[0.142s] -- Up-to-date: /home/zima/d_hospital/install/minihema_launch/share/minihema_launch/launch
[0.143s] -- Up-to-date: /home/zima/d_hospital/install/minihema_launch/share/minihema_launch/launch/rplidar_launch.py
[0.143s] -- Up-to-date: /home/zima/d_hospital/install/minihema_launch/share/minihema_launch/launch/camera_launch.py
[0.143s] -- Up-to-date: /home/zima/d_hospital/install/minihema_launch/share/minihema_launch/launch/minihema_launch.py
[0.143s] -- Up-to-date: /home/zima/d_hospital/install/minihema_launch/share/minihema_launch/environment/library_path.sh
[0.143s] -- Up-to-date: /home/zima/d_hospital/install/minihema_launch/share/minihema_launch/environment/library_path.dsv
[0.143s] -- Up-to-date: /home/zima/d_hospital/install/minihema_launch/lib/minihema_launch/mpu6050_offsets
[0.143s] -- Up-to-date: /home/zima/d_hospital/install/minihema_launch/lib/minihema_launch/mpu6050_covariances
[0.143s] -- Up-to-date: /home/zima/d_hospital/install/minihema_launch/share/ament_index/resource_index/package_run_dependencies/minihema_launch
[0.144s] -- Up-to-date: /home/zima/d_hospital/install/minihema_launch/share/ament_index/resource_index/parent_prefix_path/minihema_launch
[0.144s] -- Up-to-date: /home/zima/d_hospital/install/minihema_launch/share/minihema_launch/environment/ament_prefix_path.sh
[0.144s] -- Up-to-date: /home/zima/d_hospital/install/minihema_launch/share/minihema_launch/environment/ament_prefix_path.dsv
[0.144s] -- Up-to-date: /home/zima/d_hospital/install/minihema_launch/share/minihema_launch/environment/path.sh
[0.144s] -- Up-to-date: /home/zima/d_hospital/install/minihema_launch/share/minihema_launch/environment/path.dsv
[0.144s] -- Up-to-date: /home/zima/d_hospital/install/minihema_launch/share/minihema_launch/local_setup.bash
[0.144s] -- Up-to-date: /home/zima/d_hospital/install/minihema_launch/share/minihema_launch/local_setup.sh
[0.144s] -- Up-to-date: /home/zima/d_hospital/install/minihema_launch/share/minihema_launch/local_setup.zsh
[0.144s] -- Up-to-date: /home/zima/d_hospital/install/minihema_launch/share/minihema_launch/local_setup.dsv
[0.144s] -- Installing: /home/zima/d_hospital/install/minihema_launch/share/minihema_launch/package.dsv
[0.144s] -- Up-to-date: /home/zima/d_hospital/install/minihema_launch/share/ament_index/resource_index/packages/minihema_launch
[0.145s] -- Up-to-date: /home/zima/d_hospital/install/minihema_launch/share/ament_index/resource_index/hardware_interface__pluginlib__plugin/minihema_launch
[0.145s] -- Up-to-date: /home/zima/d_hospital/install/minihema_launch/share/minihema_launch/cmake/ament_cmake_export_libraries-extras.cmake
[0.145s] -- Up-to-date: /home/zima/d_hospital/install/minihema_launch/share/minihema_launch/cmake/minihema_launchConfig.cmake
[0.145s] -- Up-to-date: /home/zima/d_hospital/install/minihema_launch/share/minihema_launch/cmake/minihema_launchConfig-version.cmake
[0.145s] -- Up-to-date: /home/zima/d_hospital/install/minihema_launch/share/minihema_launch/package.xml
[0.157s] Invoked command in '/home/zima/d_hospital/build/minihema_launch' returned '0': CMAKE_PREFIX_PATH=${CMAKE_PREFIX_PATH}:/opt/ros/humble PS1=\[\e]0;\u@\h: \w\a\]${debian_chroot:+($debian_chroot)}\[\033[01;32m\]\u@\h\[\033[00m\]:\[\033[01;34m\]\w\[\033[00m\]\$ /usr/bin/cmake --install /home/zima/d_hospital/build/minihema_launch
