-- The C compiler identification is GNU 11.4.0
-- The CXX compiler identification is GNU 11.4.0
-- Detecting C compiler ABI info
-- Detecting C compiler ABI info - done
-- Check for working C compiler: /usr/bin/cc - skipped
-- Detecting C compile features
-- Detecting C compile features - done
-- Detecting CXX compiler ABI info
-- Detecting CXX compiler ABI info - done
-- Check for working CXX compiler: /usr/bin/c++ - skipped
-- Detecting CXX compile features
-- Detecting CXX compile features - done
-- Found ament_cmake: 1.3.11 (/opt/ros/humble/share/ament_cmake/cmake)
-- Found Python3: /usr/bin/python3 (found version "3.10.12") found components: Interpreter 
-- Found rclpy: 3.3.16 (/opt/ros/humble/share/rclpy/cmake)
-- Configuring done
-- Generating done
-- Build files have been written to: /home/zima/d_hospital/build/d_hospital_navigation2
Built target ament_cmake_python_copy_d_hospital_navigation2
running egg_info
creating d_hospital_navigation2.egg-info
writing d_hospital_navigation2.egg-info/PKG-INFO
writing dependency_links to d_hospital_navigation2.egg-info/dependency_links.txt
writing top-level names to d_hospital_navigation2.egg-info/top_level.txt
writing manifest file 'd_hospital_navigation2.egg-info/SOURCES.txt'
reading manifest file 'd_hospital_navigation2.egg-info/SOURCES.txt'
writing manifest file 'd_hospital_navigation2.egg-info/SOURCES.txt'
Built target ament_cmake_python_build_d_hospital_navigation2_egg
-- Install configuration: ""
-- Installing: /home/zima/d_hospital/install/d_hospital_navigation2/share/d_hospital_navigation2/config
-- Installing: /home/zima/d_hospital/install/d_hospital_navigation2/share/d_hospital_navigation2/config/nav2_params.yaml
-- Installing: /home/zima/d_hospital/install/d_hospital_navigation2/share/d_hospital_navigation2/config/ekf.yaml
-- Installing: /home/zima/d_hospital/install/d_hospital_navigation2/share/d_hospital_navigation2/launch
-- Installing: /home/zima/d_hospital/install/d_hospital_navigation2/share/d_hospital_navigation2/launch/localization_launch.py
-- Installing: /home/zima/d_hospital/install/d_hospital_navigation2/share/d_hospital_navigation2/launch/navigation_launch.py
-- Installing: /home/zima/d_hospital/install/d_hospital_navigation2/share/d_hospital_navigation2/maps
-- Installing: /home/zima/d_hospital/install/d_hospital_navigation2/share/d_hospital_navigation2/maps/sim_map.data
-- Installing: /home/zima/d_hospital/install/d_hospital_navigation2/share/d_hospital_navigation2/maps/sim_map.posegraph
-- Installing: /home/zima/d_hospital/install/d_hospital_navigation2/share/d_hospital_navigation2/maps/sim_map.pgm
-- Installing: /home/zima/d_hospital/install/d_hospital_navigation2/share/d_hospital_navigation2/maps/real_map3.pgm
-- Installing: /home/zima/d_hospital/install/d_hospital_navigation2/share/d_hospital_navigation2/maps/real_map3.yaml
-- Installing: /home/zima/d_hospital/install/d_hospital_navigation2/share/d_hospital_navigation2/maps/sim_map.yaml
-- Installing: /home/zima/d_hospital/install/d_hospital_navigation2/share/d_hospital_navigation2/environment/pythonpath.sh
-- Installing: /home/zima/d_hospital/install/d_hospital_navigation2/share/d_hospital_navigation2/environment/pythonpath.dsv
-- Installing: /home/zima/d_hospital/install/d_hospital_navigation2/local/lib/python3.10/dist-packages/d_hospital_navigation2-0.0.0-py3.10.egg-info
-- Installing: /home/zima/d_hospital/install/d_hospital_navigation2/local/lib/python3.10/dist-packages/d_hospital_navigation2-0.0.0-py3.10.egg-info/top_level.txt
-- Installing: /home/zima/d_hospital/install/d_hospital_navigation2/local/lib/python3.10/dist-packages/d_hospital_navigation2-0.0.0-py3.10.egg-info/dependency_links.txt
-- Installing: /home/zima/d_hospital/install/d_hospital_navigation2/local/lib/python3.10/dist-packages/d_hospital_navigation2-0.0.0-py3.10.egg-info/PKG-INFO
-- Installing: /home/zima/d_hospital/install/d_hospital_navigation2/local/lib/python3.10/dist-packages/d_hospital_navigation2-0.0.0-py3.10.egg-info/SOURCES.txt
-- Installing: /home/zima/d_hospital/install/d_hospital_navigation2/local/lib/python3.10/dist-packages/d_hospital_navigation2
-- Installing: /home/zima/d_hospital/install/d_hospital_navigation2/local/lib/python3.10/dist-packages/d_hospital_navigation2/__init__.py
Listing '/home/zima/d_hospital/install/d_hospital_navigation2/local/lib/python3.10/dist-packages/d_hospital_navigation2'...
Compiling '/home/zima/d_hospital/install/d_hospital_navigation2/local/lib/python3.10/dist-packages/d_hospital_navigation2/__init__.py'...
-- Installing: /home/zima/d_hospital/install/d_hospital_navigation2/lib/d_hospital_navigation2/trajectory_visualizer.py
-- Installing: /home/zima/d_hospital/install/d_hospital_navigation2/share/ament_index/resource_index/package_run_dependencies/d_hospital_navigation2
-- Installing: /home/zima/d_hospital/install/d_hospital_navigation2/share/ament_index/resource_index/parent_prefix_path/d_hospital_navigation2
-- Installing: /home/zima/d_hospital/install/d_hospital_navigation2/share/d_hospital_navigation2/environment/ament_prefix_path.sh
-- Installing: /home/zima/d_hospital/install/d_hospital_navigation2/share/d_hospital_navigation2/environment/ament_prefix_path.dsv
-- Installing: /home/zima/d_hospital/install/d_hospital_navigation2/share/d_hospital_navigation2/environment/path.sh
-- Installing: /home/zima/d_hospital/install/d_hospital_navigation2/share/d_hospital_navigation2/environment/path.dsv
-- Installing: /home/zima/d_hospital/install/d_hospital_navigation2/share/d_hospital_navigation2/local_setup.bash
-- Installing: /home/zima/d_hospital/install/d_hospital_navigation2/share/d_hospital_navigation2/local_setup.sh
-- Installing: /home/zima/d_hospital/install/d_hospital_navigation2/share/d_hospital_navigation2/local_setup.zsh
-- Installing: /home/zima/d_hospital/install/d_hospital_navigation2/share/d_hospital_navigation2/local_setup.dsv
-- Installing: /home/zima/d_hospital/install/d_hospital_navigation2/share/d_hospital_navigation2/package.dsv
-- Installing: /home/zima/d_hospital/install/d_hospital_navigation2/share/ament_index/resource_index/packages/d_hospital_navigation2
-- Installing: /home/zima/d_hospital/install/d_hospital_navigation2/share/d_hospital_navigation2/cmake/d_hospital_navigation2Config.cmake
-- Installing: /home/zima/d_hospital/install/d_hospital_navigation2/share/d_hospital_navigation2/cmake/d_hospital_navigation2Config-version.cmake
-- Installing: /home/zima/d_hospital/install/d_hospital_navigation2/share/d_hospital_navigation2/package.xml
