[0.025s] Invoking command in '/home/zima/d_hospital/build/d_hospital_slam': CMAKE_PREFIX_PATH=${CMAKE_PREFIX_PATH}:/opt/ros/humble PS1=\[\e]0;\u@\h: \w\a\]${debian_chroot:+($debian_chroot)}\[\033[01;32m\]\u@\h\[\033[00m\]:\[\033[01;34m\]\w\[\033[00m\]\$ /usr/bin/cmake --build /home/zima/d_hospital/build/d_hospital_slam -- -j16 -l16
[0.061s] Invoked command in '/home/zima/d_hospital/build/d_hospital_slam' returned '0': CMAKE_PREFIX_PATH=${CMAKE_PREFIX_PATH}:/opt/ros/humble PS1=\[\e]0;\u@\h: \w\a\]${debian_chroot:+($debian_chroot)}\[\033[01;32m\]\u@\h\[\033[00m\]:\[\033[01;34m\]\w\[\033[00m\]\$ /usr/bin/cmake --build /home/zima/d_hospital/build/d_hospital_slam -- -j16 -l16
[0.062s] Invoking command in '/home/zima/d_hospital/build/d_hospital_slam': CMAKE_PREFIX_PATH=${CMAKE_PREFIX_PATH}:/opt/ros/humble PS1=\[\e]0;\u@\h: \w\a\]${debian_chroot:+($debian_chroot)}\[\033[01;32m\]\u@\h\[\033[00m\]:\[\033[01;34m\]\w\[\033[00m\]\$ /usr/bin/cmake --install /home/zima/d_hospital/build/d_hospital_slam
[0.074s] -- Install configuration: ""
[0.074s] -- Up-to-date: /home/zima/d_hospital/install/d_hospital_slam/share/d_hospital_slam/config
[0.074s] -- Up-to-date: /home/zima/d_hospital/install/d_hospital_slam/share/d_hospital_slam/config/mapper_params_online_async.yaml
[0.074s] -- Up-to-date: /home/zima/d_hospital/install/d_hospital_slam/share/d_hospital_slam/launch
[0.074s] -- Up-to-date: /home/zima/d_hospital/install/d_hospital_slam/share/d_hospital_slam/launch/online_async_launch.py
[0.074s] -- Up-to-date: /home/zima/d_hospital/install/d_hospital_slam/share/d_hospital_slam/rviz
[0.074s] -- Up-to-date: /home/zima/d_hospital/install/d_hospital_slam/share/d_hospital_slam/rviz/lidarbot_slam.rviz
[0.074s] -- Up-to-date: /home/zima/d_hospital/install/d_hospital_slam/share/ament_index/resource_index/package_run_dependencies/d_hospital_slam
[0.074s] -- Up-to-date: /home/zima/d_hospital/install/d_hospital_slam/share/ament_index/resource_index/parent_prefix_path/d_hospital_slam
[0.074s] -- Up-to-date: /home/zima/d_hospital/install/d_hospital_slam/share/d_hospital_slam/environment/ament_prefix_path.sh
[0.074s] -- Up-to-date: /home/zima/d_hospital/install/d_hospital_slam/share/d_hospital_slam/environment/ament_prefix_path.dsv
[0.074s] -- Up-to-date: /home/zima/d_hospital/install/d_hospital_slam/share/d_hospital_slam/environment/path.sh
[0.074s] -- Up-to-date: /home/zima/d_hospital/install/d_hospital_slam/share/d_hospital_slam/environment/path.dsv
[0.074s] -- Up-to-date: /home/zima/d_hospital/install/d_hospital_slam/share/d_hospital_slam/local_setup.bash
[0.075s] -- Up-to-date: /home/zima/d_hospital/install/d_hospital_slam/share/d_hospital_slam/local_setup.sh
[0.075s] -- Up-to-date: /home/zima/d_hospital/install/d_hospital_slam/share/d_hospital_slam/local_setup.zsh
[0.075s] -- Up-to-date: /home/zima/d_hospital/install/d_hospital_slam/share/d_hospital_slam/local_setup.dsv
[0.075s] -- Up-to-date: /home/zima/d_hospital/install/d_hospital_slam/share/d_hospital_slam/package.dsv
[0.075s] -- Up-to-date: /home/zima/d_hospital/install/d_hospital_slam/share/ament_index/resource_index/packages/d_hospital_slam
[0.075s] -- Up-to-date: /home/zima/d_hospital/install/d_hospital_slam/share/d_hospital_slam/cmake/d_hospital_slamConfig.cmake
[0.076s] -- Up-to-date: /home/zima/d_hospital/install/d_hospital_slam/share/d_hospital_slam/cmake/d_hospital_slamConfig-version.cmake
[0.076s] -- Up-to-date: /home/zima/d_hospital/install/d_hospital_slam/share/d_hospital_slam/package.xml
[0.101s] Invoked command in '/home/zima/d_hospital/build/d_hospital_slam' returned '0': CMAKE_PREFIX_PATH=${CMAKE_PREFIX_PATH}:/opt/ros/humble PS1=\[\e]0;\u@\h: \w\a\]${debian_chroot:+($debian_chroot)}\[\033[01;32m\]\u@\h\[\033[00m\]:\[\033[01;34m\]\w\[\033[00m\]\$ /usr/bin/cmake --install /home/zima/d_hospital/build/d_hospital_slam
