-- Install configuration: ""
-- Up-to-date: /home/zima/d_hospital/install/d_hospital_gz/share/d_hospital_gz/config
-- Up-to-date: /home/zima/d_hospital/install/d_hospital_gz/share/d_hospital_gz/config/lidarbot_bridge.yaml
-- Up-to-date: /home/zima/d_hospital/install/d_hospital_gz/share/d_hospital_gz/launch
-- Up-to-date: /home/zima/d_hospital/install/d_hospital_gz/share/d_hospital_gz/launch/gz_launch.py
-- Up-to-date: /home/zima/d_hospital/install/d_hospital_gz/share/d_hospital_gz/models
-- Up-to-date: /home/zima/d_hospital/install/d_hospital_gz/share/d_hospital_gz/models/construction_cone
-- Up-to-date: /home/zima/d_hospital/install/d_hospital_gz/share/d_hospital_gz/models/construction_cone/meshes
-- Up-to-date: /home/zima/d_hospital/install/d_hospital_gz/share/d_hospital_gz/models/construction_cone/meshes/construction_cone.dae
-- Up-to-date: /home/zima/d_hospital/install/d_hospital_gz/share/d_hospital_gz/models/construction_cone/model.config
-- Up-to-date: /home/zima/d_hospital/install/d_hospital_gz/share/d_hospital_gz/models/construction_cone/materials
-- Up-to-date: /home/zima/d_hospital/install/d_hospital_gz/share/d_hospital_gz/models/construction_cone/materials/textures
-- Up-to-date: /home/zima/d_hospital/install/d_hospital_gz/share/d_hospital_gz/models/construction_cone/materials/textures/Construction_Cone_Diffuse.png
-- Up-to-date: /home/zima/d_hospital/install/d_hospital_gz/share/d_hospital_gz/models/construction_cone/model.sdf
-- Up-to-date: /home/zima/d_hospital/install/d_hospital_gz/share/d_hospital_gz/models/construction_cone/model-1_4.sdf
-- Up-to-date: /home/zima/d_hospital/install/d_hospital_gz/share/d_hospital_gz/models/construction_cone/model-1_3.sdf
-- Up-to-date: /home/zima/d_hospital/install/d_hospital_gz/share/d_hospital_gz/models/construction_barrel
-- Up-to-date: /home/zima/d_hospital/install/d_hospital_gz/share/d_hospital_gz/models/construction_barrel/meshes
-- Up-to-date: /home/zima/d_hospital/install/d_hospital_gz/share/d_hospital_gz/models/construction_barrel/meshes/construction_barrel.dae
-- Up-to-date: /home/zima/d_hospital/install/d_hospital_gz/share/d_hospital_gz/models/construction_barrel/model.config
-- Up-to-date: /home/zima/d_hospital/install/d_hospital_gz/share/d_hospital_gz/models/construction_barrel/materials
-- Up-to-date: /home/zima/d_hospital/install/d_hospital_gz/share/d_hospital_gz/models/construction_barrel/materials/textures
-- Up-to-date: /home/zima/d_hospital/install/d_hospital_gz/share/d_hospital_gz/models/construction_barrel/materials/textures/Construction_Barrel_Spec.png
-- Up-to-date: /home/zima/d_hospital/install/d_hospital_gz/share/d_hospital_gz/models/construction_barrel/materials/textures/Construction_Barrel_Diffuse.png
-- Up-to-date: /home/zima/d_hospital/install/d_hospital_gz/share/d_hospital_gz/models/construction_barrel/model.sdf
-- Up-to-date: /home/zima/d_hospital/install/d_hospital_gz/share/d_hospital_gz/models/construction_barrel/model-1_4.sdf
-- Up-to-date: /home/zima/d_hospital/install/d_hospital_gz/share/d_hospital_gz/models/construction_barrel/model-1_3.sdf
-- Up-to-date: /home/zima/d_hospital/install/d_hospital_gz/share/d_hospital_gz/urdf
-- Up-to-date: /home/zima/d_hospital/install/d_hospital_gz/share/d_hospital_gz/urdf/sensors.xacro
-- Up-to-date: /home/zima/d_hospital/install/d_hospital_gz/share/d_hospital_gz/urdf/d_hospital_gz.urdf.xacro
-- Up-to-date: /home/zima/d_hospital/install/d_hospital_gz/share/d_hospital_gz/urdf/d_hospital_gz_core.xacro
-- Up-to-date: /home/zima/d_hospital/install/d_hospital_gz/share/d_hospital_gz/worlds
-- Up-to-date: /home/zima/d_hospital/install/d_hospital_gz/share/d_hospital_gz/worlds/obstacles.world
-- Up-to-date: /home/zima/d_hospital/install/d_hospital_gz/share/ament_index/resource_index/package_run_dependencies/d_hospital_gz
-- Up-to-date: /home/zima/d_hospital/install/d_hospital_gz/share/ament_index/resource_index/parent_prefix_path/d_hospital_gz
-- Up-to-date: /home/zima/d_hospital/install/d_hospital_gz/share/d_hospital_gz/environment/ament_prefix_path.sh
-- Up-to-date: /home/zima/d_hospital/install/d_hospital_gz/share/d_hospital_gz/environment/ament_prefix_path.dsv
-- Up-to-date: /home/zima/d_hospital/install/d_hospital_gz/share/d_hospital_gz/environment/path.sh
-- Up-to-date: /home/zima/d_hospital/install/d_hospital_gz/share/d_hospital_gz/environment/path.dsv
-- Up-to-date: /home/zima/d_hospital/install/d_hospital_gz/share/d_hospital_gz/local_setup.bash
-- Up-to-date: /home/zima/d_hospital/install/d_hospital_gz/share/d_hospital_gz/local_setup.sh
-- Up-to-date: /home/zima/d_hospital/install/d_hospital_gz/share/d_hospital_gz/local_setup.zsh
-- Up-to-date: /home/zima/d_hospital/install/d_hospital_gz/share/d_hospital_gz/local_setup.dsv
-- Installing: /home/zima/d_hospital/install/d_hospital_gz/share/d_hospital_gz/package.dsv
-- Up-to-date: /home/zima/d_hospital/install/d_hospital_gz/share/ament_index/resource_index/packages/d_hospital_gz
-- Up-to-date: /home/zima/d_hospital/install/d_hospital_gz/share/d_hospital_gz/cmake/d_hospital_gzConfig.cmake
-- Up-to-date: /home/zima/d_hospital/install/d_hospital_gz/share/d_hospital_gz/cmake/d_hospital_gzConfig-version.cmake
-- Up-to-date: /home/zima/d_hospital/install/d_hospital_gz/share/d_hospital_gz/package.xml
