-- Install configuration: ""
-- Up-to-date: /home/zima/d_hospital/install/d_hospital_description/share/d_hospital_description/launch
-- Up-to-date: /home/zima/d_hospital/install/d_hospital_description/share/d_hospital_description/launch/spawn_in_rviz.py
-- Up-to-date: /home/zima/d_hospital/install/d_hospital_description/share/d_hospital_description/launch/robot_hospital.py
-- Up-to-date: /home/zima/d_hospital/install/d_hospital_description/share/d_hospital_description/launch/display.py
-- Up-to-date: /home/zima/d_hospital/install/d_hospital_description/share/d_hospital_description/meshes
-- Up-to-date: /home/zima/d_hospital/install/d_hospital_description/share/d_hospital_description/meshes/rplidar_base.dae
-- Up-to-date: /home/zima/d_hospital/install/d_hospital_description/share/d_hospital_description/meshes/rpi_stand.dae
-- Up-to-date: /home/zima/d_hospital/install/d_hospital_description/share/d_hospital_description/meshes/rpi_camera.dae
-- Up-to-date: /home/zima/d_hospital/install/d_hospital_description/share/d_hospital_description/meshes/rplidar_top.dae
-- Up-to-date: /home/zima/d_hospital/install/d_hospital_description/share/d_hospital_description/meshes/MPU6050.dae
-- Up-to-date: /home/zima/d_hospital/install/d_hospital_description/share/d_hospital_description/meshes/rpi_camera_mount.dae
-- Up-to-date: /home/zima/d_hospital/install/d_hospital_description/share/d_hospital_description/meshes/rplidar_stand.dae
-- Up-to-date: /home/zima/d_hospital/install/d_hospital_description/share/d_hospital_description/meshes/caster_wheel.dae
-- Up-to-date: /home/zima/d_hospital/install/d_hospital_description/share/d_hospital_description/meshes/power_bank_stand.dae
-- Up-to-date: /home/zima/d_hospital/install/d_hospital_description/share/d_hospital_description/meshes/caster_mount.dae
-- Up-to-date: /home/zima/d_hospital/install/d_hospital_description/share/d_hospital_description/meshes/rpi_4.dae
-- Up-to-date: /home/zima/d_hospital/install/d_hospital_description/share/d_hospital_description/meshes/robot_chassis.dae
-- Up-to-date: /home/zima/d_hospital/install/d_hospital_description/share/d_hospital_description/meshes/power_bank.dae
-- Up-to-date: /home/zima/d_hospital/install/d_hospital_description/share/d_hospital_description/meshes/right_wheel.dae
-- Up-to-date: /home/zima/d_hospital/install/d_hospital_description/share/d_hospital_description/urdf
-- Up-to-date: /home/zima/d_hospital/install/d_hospital_description/share/d_hospital_description/urdf/d_hospital_core.xacro
-- Up-to-date: /home/zima/d_hospital/install/d_hospital_description/share/d_hospital_description/urdf/d_hospital.xacro
-- Up-to-date: /home/zima/d_hospital/install/d_hospital_description/share/d_hospital_description/urdf/camera.xacro
-- Up-to-date: /home/zima/d_hospital/install/d_hospital_description/share/d_hospital_description/urdf/gazebo_control.xacro
-- Up-to-date: /home/zima/d_hospital/install/d_hospital_description/share/d_hospital_description/urdf/lidar.xacro
-- Up-to-date: /home/zima/d_hospital/install/d_hospital_description/share/d_hospital_description/urdf/ros2_control.xacro
-- Up-to-date: /home/zima/d_hospital/install/d_hospital_description/share/d_hospital_description/urdf/imu.xacro
-- Up-to-date: /home/zima/d_hospital/install/d_hospital_description/share/d_hospital_description/urdf/inertial_macros.xacro
-- Up-to-date: /home/zima/d_hospital/install/d_hospital_description/share/d_hospital_description/rviz
-- Up-to-date: /home/zima/d_hospital/install/d_hospital_description/share/d_hospital_description/rviz/description.rviz
-- Up-to-date: /home/zima/d_hospital/install/d_hospital_description/share/d_hospital_description/rviz/lidarbot_sim.rviz
-- Up-to-date: /home/zima/d_hospital/install/d_hospital_description/share/d_hospital_description/config
-- Up-to-date: /home/zima/d_hospital/install/d_hospital_description/share/d_hospital_description/config/gazebo_ros2_ctl_use_sim.yaml
-- Up-to-date: /home/zima/d_hospital/install/d_hospital_description/share/d_hospital_description/config/controllers.yaml
-- Up-to-date: /home/zima/d_hospital/install/d_hospital_description/share/ament_index/resource_index/package_run_dependencies/d_hospital_description
-- Up-to-date: /home/zima/d_hospital/install/d_hospital_description/share/ament_index/resource_index/parent_prefix_path/d_hospital_description
-- Up-to-date: /home/zima/d_hospital/install/d_hospital_description/share/d_hospital_description/environment/ament_prefix_path.sh
-- Up-to-date: /home/zima/d_hospital/install/d_hospital_description/share/d_hospital_description/environment/ament_prefix_path.dsv
-- Up-to-date: /home/zima/d_hospital/install/d_hospital_description/share/d_hospital_description/environment/path.sh
-- Up-to-date: /home/zima/d_hospital/install/d_hospital_description/share/d_hospital_description/environment/path.dsv
-- Up-to-date: /home/zima/d_hospital/install/d_hospital_description/share/d_hospital_description/local_setup.bash
-- Up-to-date: /home/zima/d_hospital/install/d_hospital_description/share/d_hospital_description/local_setup.sh
-- Up-to-date: /home/zima/d_hospital/install/d_hospital_description/share/d_hospital_description/local_setup.zsh
-- Up-to-date: /home/zima/d_hospital/install/d_hospital_description/share/d_hospital_description/local_setup.dsv
-- Installing: /home/zima/d_hospital/install/d_hospital_description/share/d_hospital_description/package.dsv
-- Up-to-date: /home/zima/d_hospital/install/d_hospital_description/share/ament_index/resource_index/packages/d_hospital_description
-- Up-to-date: /home/zima/d_hospital/install/d_hospital_description/share/d_hospital_description/cmake/d_hospital_descriptionConfig.cmake
-- Up-to-date: /home/zima/d_hospital/install/d_hospital_description/share/d_hospital_description/cmake/d_hospital_descriptionConfig-version.cmake
-- Up-to-date: /home/zima/d_hospital/install/d_hospital_description/share/d_hospital_description/package.xml
