[0.022s] Invoking command in '/home/zima/d_hospital/build/d_hospital_navigation2': CMAKE_PREFIX_PATH=${CMAKE_PREFIX_PATH}:/opt/ros/humble PS1=\[\e]0;\u@\h: \w\a\]${debian_chroot:+($debian_chroot)}\[\033[01;32m\]\u@\h\[\033[00m\]:\[\033[01;34m\]\w\[\033[00m\]\$ /usr/bin/cmake /home/zima/d_hospital/src/d_hospital_navigation2 -DCMAKE_INSTALL_PREFIX=/home/zima/d_hospital/install/d_hospital_navigation2
[0.169s] -- The C compiler identification is GNU 11.4.0
[0.256s] -- The CXX compiler identification is GNU 11.4.0
[0.265s] -- Detecting C compiler ABI info
[0.337s] -- Detecting C compiler ABI info - done
[0.343s] -- Check for working C compiler: /usr/bin/cc - skipped
[0.345s] -- Detecting C compile features
[0.345s] -- Detecting C compile features - done
[0.348s] -- Detecting CXX compiler ABI info
[0.423s] -- Detecting CXX compiler ABI info - done
[0.435s] -- Check for working CXX compiler: /usr/bin/c++ - skipped
[0.435s] -- Detecting CXX compile features
[0.436s] -- Detecting CXX compile features - done
[0.439s] -- Found ament_cmake: 1.3.11 (/opt/ros/humble/share/ament_cmake/cmake)
[0.567s] -- Found Python3: /usr/bin/python3 (found version "3.10.12") found components: Interpreter 
[0.677s] -- Found rclpy: 3.3.16 (/opt/ros/humble/share/rclpy/cmake)
[0.815s] -- Configuring done
[0.820s] -- Generating done
[0.822s] -- Build files have been written to: /home/zima/d_hospital/build/d_hospital_navigation2
[0.842s] Invoked command in '/home/zima/d_hospital/build/d_hospital_navigation2' returned '0': CMAKE_PREFIX_PATH=${CMAKE_PREFIX_PATH}:/opt/ros/humble PS1=\[\e]0;\u@\h: \w\a\]${debian_chroot:+($debian_chroot)}\[\033[01;32m\]\u@\h\[\033[00m\]:\[\033[01;34m\]\w\[\033[00m\]\$ /usr/bin/cmake /home/zima/d_hospital/src/d_hospital_navigation2 -DCMAKE_INSTALL_PREFIX=/home/zima/d_hospital/install/d_hospital_navigation2
[0.843s] Invoking command in '/home/zima/d_hospital/build/d_hospital_navigation2': CMAKE_PREFIX_PATH=${CMAKE_PREFIX_PATH}:/opt/ros/humble PS1=\[\e]0;\u@\h: \w\a\]${debian_chroot:+($debian_chroot)}\[\033[01;32m\]\u@\h\[\033[00m\]:\[\033[01;34m\]\w\[\033[00m\]\$ /usr/bin/cmake --build /home/zima/d_hospital/build/d_hospital_navigation2 -- -j16 -l16
[0.891s] Built target ament_cmake_python_copy_d_hospital_navigation2
[1.063s] running egg_info
[1.064s] creating d_hospital_navigation2.egg-info
[1.064s] writing d_hospital_navigation2.egg-info/PKG-INFO
[1.064s] writing dependency_links to d_hospital_navigation2.egg-info/dependency_links.txt
[1.064s] writing top-level names to d_hospital_navigation2.egg-info/top_level.txt
[1.064s] writing manifest file 'd_hospital_navigation2.egg-info/SOURCES.txt'
[1.066s] reading manifest file 'd_hospital_navigation2.egg-info/SOURCES.txt'
[1.066s] writing manifest file 'd_hospital_navigation2.egg-info/SOURCES.txt'
[1.086s] Built target ament_cmake_python_build_d_hospital_navigation2_egg
[1.095s] Invoked command in '/home/zima/d_hospital/build/d_hospital_navigation2' returned '0': CMAKE_PREFIX_PATH=${CMAKE_PREFIX_PATH}:/opt/ros/humble PS1=\[\e]0;\u@\h: \w\a\]${debian_chroot:+($debian_chroot)}\[\033[01;32m\]\u@\h\[\033[00m\]:\[\033[01;34m\]\w\[\033[00m\]\$ /usr/bin/cmake --build /home/zima/d_hospital/build/d_hospital_navigation2 -- -j16 -l16
[1.097s] Invoking command in '/home/zima/d_hospital/build/d_hospital_navigation2': CMAKE_PREFIX_PATH=${CMAKE_PREFIX_PATH}:/opt/ros/humble PS1=\[\e]0;\u@\h: \w\a\]${debian_chroot:+($debian_chroot)}\[\033[01;32m\]\u@\h\[\033[00m\]:\[\033[01;34m\]\w\[\033[00m\]\$ /usr/bin/cmake --install /home/zima/d_hospital/build/d_hospital_navigation2
[1.103s] -- Install configuration: ""
[1.103s] -- Installing: /home/zima/d_hospital/install/d_hospital_navigation2/share/d_hospital_navigation2/config
[1.103s] -- Installing: /home/zima/d_hospital/install/d_hospital_navigation2/share/d_hospital_navigation2/config/nav2_params.yaml
[1.104s] -- Installing: /home/zima/d_hospital/install/d_hospital_navigation2/share/d_hospital_navigation2/config/ekf.yaml
[1.104s] -- Installing: /home/zima/d_hospital/install/d_hospital_navigation2/share/d_hospital_navigation2/launch
[1.104s] -- Installing: /home/zima/d_hospital/install/d_hospital_navigation2/share/d_hospital_navigation2/launch/localization_launch.py
[1.104s] -- Installing: /home/zima/d_hospital/install/d_hospital_navigation2/share/d_hospital_navigation2/launch/navigation_launch.py
[1.104s] -- Installing: /home/zima/d_hospital/install/d_hospital_navigation2/share/d_hospital_navigation2/maps
[1.104s] -- Installing: /home/zima/d_hospital/install/d_hospital_navigation2/share/d_hospital_navigation2/maps/sim_map.data
[1.106s] -- Installing: /home/zima/d_hospital/install/d_hospital_navigation2/share/d_hospital_navigation2/maps/sim_map.posegraph
[1.114s] -- Installing: /home/zima/d_hospital/install/d_hospital_navigation2/share/d_hospital_navigation2/maps/sim_map.pgm
[1.115s] -- Installing: /home/zima/d_hospital/install/d_hospital_navigation2/share/d_hospital_navigation2/maps/real_map3.pgm
[1.115s] -- Installing: /home/zima/d_hospital/install/d_hospital_navigation2/share/d_hospital_navigation2/maps/real_map3.yaml
[1.116s] -- Installing: /home/zima/d_hospital/install/d_hospital_navigation2/share/d_hospital_navigation2/maps/sim_map.yaml
[1.116s] -- Installing: /home/zima/d_hospital/install/d_hospital_navigation2/share/d_hospital_navigation2/environment/pythonpath.sh
[1.116s] -- Installing: /home/zima/d_hospital/install/d_hospital_navigation2/share/d_hospital_navigation2/environment/pythonpath.dsv
[1.116s] -- Installing: /home/zima/d_hospital/install/d_hospital_navigation2/local/lib/python3.10/dist-packages/d_hospital_navigation2-0.0.0-py3.10.egg-info
[1.116s] -- Installing: /home/zima/d_hospital/install/d_hospital_navigation2/local/lib/python3.10/dist-packages/d_hospital_navigation2-0.0.0-py3.10.egg-info/top_level.txt
[1.116s] -- Installing: /home/zima/d_hospital/install/d_hospital_navigation2/local/lib/python3.10/dist-packages/d_hospital_navigation2-0.0.0-py3.10.egg-info/dependency_links.txt
[1.116s] -- Installing: /home/zima/d_hospital/install/d_hospital_navigation2/local/lib/python3.10/dist-packages/d_hospital_navigation2-0.0.0-py3.10.egg-info/PKG-INFO
[1.117s] -- Installing: /home/zima/d_hospital/install/d_hospital_navigation2/local/lib/python3.10/dist-packages/d_hospital_navigation2-0.0.0-py3.10.egg-info/SOURCES.txt
[1.117s] -- Installing: /home/zima/d_hospital/install/d_hospital_navigation2/local/lib/python3.10/dist-packages/d_hospital_navigation2
[1.117s] -- Installing: /home/zima/d_hospital/install/d_hospital_navigation2/local/lib/python3.10/dist-packages/d_hospital_navigation2/__init__.py
[1.144s] Listing '/home/zima/d_hospital/install/d_hospital_navigation2/local/lib/python3.10/dist-packages/d_hospital_navigation2'...
[1.145s] Compiling '/home/zima/d_hospital/install/d_hospital_navigation2/local/lib/python3.10/dist-packages/d_hospital_navigation2/__init__.py'...
[1.148s] -- Installing: /home/zima/d_hospital/install/d_hospital_navigation2/lib/d_hospital_navigation2/trajectory_visualizer.py
[1.149s] -- Installing: /home/zima/d_hospital/install/d_hospital_navigation2/share/ament_index/resource_index/package_run_dependencies/d_hospital_navigation2
[1.149s] -- Installing: /home/zima/d_hospital/install/d_hospital_navigation2/share/ament_index/resource_index/parent_prefix_path/d_hospital_navigation2
[1.149s] -- Installing: /home/zima/d_hospital/install/d_hospital_navigation2/share/d_hospital_navigation2/environment/ament_prefix_path.sh
[1.149s] -- Installing: /home/zima/d_hospital/install/d_hospital_navigation2/share/d_hospital_navigation2/environment/ament_prefix_path.dsv
[1.149s] -- Installing: /home/zima/d_hospital/install/d_hospital_navigation2/share/d_hospital_navigation2/environment/path.sh
[1.149s] -- Installing: /home/zima/d_hospital/install/d_hospital_navigation2/share/d_hospital_navigation2/environment/path.dsv
[1.149s] -- Installing: /home/zima/d_hospital/install/d_hospital_navigation2/share/d_hospital_navigation2/local_setup.bash
[1.150s] -- Installing: /home/zima/d_hospital/install/d_hospital_navigation2/share/d_hospital_navigation2/local_setup.sh
[1.150s] -- Installing: /home/zima/d_hospital/install/d_hospital_navigation2/share/d_hospital_navigation2/local_setup.zsh
[1.150s] -- Installing: /home/zima/d_hospital/install/d_hospital_navigation2/share/d_hospital_navigation2/local_setup.dsv
[1.150s] -- Installing: /home/zima/d_hospital/install/d_hospital_navigation2/share/d_hospital_navigation2/package.dsv
[1.150s] -- Installing: /home/zima/d_hospital/install/d_hospital_navigation2/share/ament_index/resource_index/packages/d_hospital_navigation2
[1.150s] -- Installing: /home/zima/d_hospital/install/d_hospital_navigation2/share/d_hospital_navigation2/cmake/d_hospital_navigation2Config.cmake
[1.150s] -- Installing: /home/zima/d_hospital/install/d_hospital_navigation2/share/d_hospital_navigation2/cmake/d_hospital_navigation2Config-version.cmake
[1.151s] -- Installing: /home/zima/d_hospital/install/d_hospital_navigation2/share/d_hospital_navigation2/package.xml
[1.154s] Invoked command in '/home/zima/d_hospital/build/d_hospital_navigation2' returned '0': CMAKE_PREFIX_PATH=${CMAKE_PREFIX_PATH}:/opt/ros/humble PS1=\[\e]0;\u@\h: \w\a\]${debian_chroot:+($debian_chroot)}\[\033[01;32m\]\u@\h\[\033[00m\]:\[\033[01;34m\]\w\[\033[00m\]\$ /usr/bin/cmake --install /home/zima/d_hospital/build/d_hospital_navigation2
