[0.032s] Invoking command in '/home/zima/d_hospital/build/d_hospital_gazebo2': CMAKE_PREFIX_PATH=${CMAKE_PREFIX_PATH}:/opt/ros/humble PS1=\[\e]0;\u@\h: \w\a\]${debian_chroot:+($debian_chroot)}\[\033[01;32m\]\u@\h\[\033[00m\]:\[\033[01;34m\]\w\[\033[00m\]\$ /usr/bin/cmake --build /home/zima/d_hospital/build/d_hospital_gazebo2 -- -j16 -l16
[0.124s] Invoked command in '/home/zima/d_hospital/build/d_hospital_gazebo2' returned '0': CMAKE_PREFIX_PATH=${CMAKE_PREFIX_PATH}:/opt/ros/humble PS1=\[\e]0;\u@\h: \w\a\]${debian_chroot:+($debian_chroot)}\[\033[01;32m\]\u@\h\[\033[00m\]:\[\033[01;34m\]\w\[\033[00m\]\$ /usr/bin/cmake --build /home/zima/d_hospital/build/d_hospital_gazebo2 -- -j16 -l16
[0.130s] Invoking command in '/home/zima/d_hospital/build/d_hospital_gazebo2': CMAKE_PREFIX_PATH=${CMAKE_PREFIX_PATH}:/opt/ros/humble PS1=\[\e]0;\u@\h: \w\a\]${debian_chroot:+($debian_chroot)}\[\033[01;32m\]\u@\h\[\033[00m\]:\[\033[01;34m\]\w\[\033[00m\]\$ /usr/bin/cmake --install /home/zima/d_hospital/build/d_hospital_gazebo2
[0.140s] -- Install configuration: ""
[0.140s] -- Up-to-date: /home/zima/d_hospital/install/d_hospital_gazebo2/share/d_hospital_gazebo2/config
[0.140s] -- Up-to-date: /home/zima/d_hospital/install/d_hospital_gazebo2/share/d_hospital_gazebo2/config/twist_mux.yaml
[0.141s] -- Up-to-date: /home/zima/d_hospital/install/d_hospital_gazebo2/share/d_hospital_gazebo2/config/gazebo_params.yaml
[0.141s] -- Up-to-date: /home/zima/d_hospital/install/d_hospital_gazebo2/share/d_hospital_gazebo2/launch
[0.141s] -- Up-to-date: /home/zima/d_hospital/install/d_hospital_gazebo2/share/d_hospital_gazebo2/launch/hospital.py
[0.141s] -- Up-to-date: /home/zima/d_hospital/install/d_hospital_gazebo2/share/d_hospital_gazebo2/launch/display.py
[0.141s] -- Up-to-date: /home/zima/d_hospital/install/d_hospital_gazebo2/share/d_hospital_gazebo2/worlds
[0.141s] -- Up-to-date: /home/zima/d_hospital/install/d_hospital_gazebo2/share/d_hospital_gazebo2/worlds/hospital.world
[0.141s] -- Up-to-date: /home/zima/d_hospital/install/d_hospital_gazebo2/share/d_hospital_gazebo2/worlds/obstacles.world
[0.141s] -- Up-to-date: /home/zima/d_hospital/install/d_hospital_gazebo2/share/ament_index/resource_index/package_run_dependencies/d_hospital_gazebo2
[0.141s] -- Up-to-date: /home/zima/d_hospital/install/d_hospital_gazebo2/share/ament_index/resource_index/parent_prefix_path/d_hospital_gazebo2
[0.142s] -- Up-to-date: /home/zima/d_hospital/install/d_hospital_gazebo2/share/d_hospital_gazebo2/environment/ament_prefix_path.sh
[0.142s] -- Up-to-date: /home/zima/d_hospital/install/d_hospital_gazebo2/share/d_hospital_gazebo2/environment/ament_prefix_path.dsv
[0.142s] -- Up-to-date: /home/zima/d_hospital/install/d_hospital_gazebo2/share/d_hospital_gazebo2/environment/path.sh
[0.142s] -- Up-to-date: /home/zima/d_hospital/install/d_hospital_gazebo2/share/d_hospital_gazebo2/environment/path.dsv
[0.142s] -- Up-to-date: /home/zima/d_hospital/install/d_hospital_gazebo2/share/d_hospital_gazebo2/local_setup.bash
[0.142s] -- Up-to-date: /home/zima/d_hospital/install/d_hospital_gazebo2/share/d_hospital_gazebo2/local_setup.sh
[0.142s] -- Up-to-date: /home/zima/d_hospital/install/d_hospital_gazebo2/share/d_hospital_gazebo2/local_setup.zsh
[0.142s] -- Up-to-date: /home/zima/d_hospital/install/d_hospital_gazebo2/share/d_hospital_gazebo2/local_setup.dsv
[0.142s] -- Installing: /home/zima/d_hospital/install/d_hospital_gazebo2/share/d_hospital_gazebo2/package.dsv
[0.142s] -- Up-to-date: /home/zima/d_hospital/install/d_hospital_gazebo2/share/ament_index/resource_index/packages/d_hospital_gazebo2
[0.142s] -- Up-to-date: /home/zima/d_hospital/install/d_hospital_gazebo2/share/d_hospital_gazebo2/cmake/d_hospital_gazebo2Config.cmake
[0.142s] -- Up-to-date: /home/zima/d_hospital/install/d_hospital_gazebo2/share/d_hospital_gazebo2/cmake/d_hospital_gazebo2Config-version.cmake
[0.142s] -- Up-to-date: /home/zima/d_hospital/install/d_hospital_gazebo2/share/d_hospital_gazebo2/package.xml
[0.192s] Invoked command in '/home/zima/d_hospital/build/d_hospital_gazebo2' returned '0': CMAKE_PREFIX_PATH=${CMAKE_PREFIX_PATH}:/opt/ros/humble PS1=\[\e]0;\u@\h: \w\a\]${debian_chroot:+($debian_chroot)}\[\033[01;32m\]\u@\h\[\033[00m\]:\[\033[01;34m\]\w\[\033[00m\]\$ /usr/bin/cmake --install /home/zima/d_hospital/build/d_hospital_gazebo2
