-- The C compiler identification is GNU 11.4.0
-- The CXX compiler identification is GNU 11.4.0
-- Detecting C compiler ABI info
-- Detecting C compiler ABI info - done
-- Check for working C compiler: /usr/bin/cc - skipped
-- Detecting C compile features
-- Detecting C compile features - done
-- Detecting CXX compiler ABI info
-- Detecting CXX compiler ABI info - done
-- Check for working CXX compiler: /usr/bin/c++ - skipped
-- Detecting CXX compile features
-- Detecting CXX compile features - done
-- Found ament_cmake: 1.3.11 (/opt/ros/humble/share/ament_cmake/cmake)
-- Found Python3: /usr/bin/python3 (found version "3.10.12") found components: Interpreter 
-- Found hardware_interface: 2.50.0 (/opt/ros/humble/share/hardware_interface/cmake)
-- Found rosidl_generator_c: 3.1.6 (/opt/ros/humble/share/rosidl_generator_c/cmake)
-- Found rosidl_adapter: 3.1.6 (/opt/ros/humble/share/rosidl_adapter/cmake)
-- Found rosidl_generator_cpp: 3.1.6 (/opt/ros/humble/share/rosidl_generator_cpp/cmake)
-- Using all available rosidl_typesupport_c: rosidl_typesupport_fastrtps_c;rosidl_typesupport_introspection_c
-- Using all available rosidl_typesupport_cpp: rosidl_typesupport_fastrtps_cpp;rosidl_typesupport_introspection_cpp
-- Found rmw_implementation_cmake: 6.1.2 (/opt/ros/humble/share/rmw_implementation_cmake/cmake)
-- Found rmw_fastrtps_cpp: 6.2.7 (/opt/ros/humble/share/rmw_fastrtps_cpp/cmake)
-- Found TinyXML2 via Config file: TinyXML2_DIR-NOTFOUND
-- Found OpenSSL: /usr/lib/x86_64-linux-gnu/libcrypto.so (found version "3.0.2")  
-- Found TinyXML2 via Config file: TinyXML2_DIR-NOTFOUND
-- Found FastRTPS: /opt/ros/humble/include  
-- Found TinyXML2 via Config file: TinyXML2_DIR-NOTFOUND
-- Found TinyXML2 via Config file: TinyXML2_DIR-NOTFOUND
-- Using RMW implementation 'rmw_fastrtps_cpp' as default
-- Looking for pthread.h
-- Looking for pthread.h - found
-- Performing Test CMAKE_HAVE_LIBC_PTHREAD
-- Performing Test CMAKE_HAVE_LIBC_PTHREAD - Success
-- Found Threads: TRUE  
-- Found std_srvs: 4.8.0 (/opt/ros/humble/share/std_srvs/cmake)
-- Configuring done
-- Generating done
-- Build files have been written to: /home/zima/d_hospital/build/firmware_minihema
[ 11%] [32mBuilding CXX object CMakeFiles/minihema_hardware.dir/src/wheel.cpp.o[0m
[ 22%] [32mBuilding CXX object CMakeFiles/motor_test.dir/src/motor_test.cpp.o[0m
[ 33%] [32mBuilding C object CMakeFiles/motor_test.dir/src/motor_encoder.c.o[0m
[ 44%] [32mBuilding CXX object CMakeFiles/minihema_hardware.dir/src/minihema_hardware.cpp.o[0m
[ 55%] [32mBuilding C object CMakeFiles/motor_test.dir/src/KeyesDriver.c.o[0m
[ 66%] [32mBuilding C object CMakeFiles/minihema_hardware.dir/src/KeyesDriver.c.o[0m
[ 77%] [32mBuilding C object CMakeFiles/minihema_hardware.dir/src/motor_encoder.c.o[0m
[ 88%] [32m[1mLinking CXX executable motor_test[0m
[ 88%] Built target motor_test
[100%] [32m[1mLinking CXX shared library libminihema_hardware.so[0m
[100%] Built target minihema_hardware
-- Install configuration: ""
-- Installing: /home/zima/d_hospital/install/firmware_minihema/share/firmware_minihema/minihema_hardware.xml
-- Installing: /home/zima/d_hospital/install/firmware_minihema/include/minihema_hardware
-- Installing: /home/zima/d_hospital/install/firmware_minihema/include/minihema_hardware/firmware_minihema
-- Installing: /home/zima/d_hospital/install/firmware_minihema/include/minihema_hardware/firmware_minihema/minihema_hardware.hpp
-- Installing: /home/zima/d_hospital/install/firmware_minihema/include/minihema_hardware/firmware_minihema/DEV_Config.h
-- Installing: /home/zima/d_hospital/install/firmware_minihema/include/minihema_hardware/firmware_minihema/wheel.hpp
-- Installing: /home/zima/d_hospital/install/firmware_minihema/include/minihema_hardware/firmware_minihema/KeyesDriver.h
-- Installing: /home/zima/d_hospital/install/firmware_minihema/include/minihema_hardware/firmware_minihema/motor_encoder.h
-- Installing: /home/zima/d_hospital/install/firmware_minihema/lib/libminihema_hardware.so
-- Set runtime path of "/home/zima/d_hospital/install/firmware_minihema/lib/libminihema_hardware.so" to ""
-- Installing: /home/zima/d_hospital/install/firmware_minihema/lib/firmware_minihema/motor_test
-- Set runtime path of "/home/zima/d_hospital/install/firmware_minihema/lib/firmware_minihema/motor_test" to ""
-- Installing: /home/zima/d_hospital/install/firmware_minihema/share/firmware_minihema/environment/library_path.sh
-- Installing: /home/zima/d_hospital/install/firmware_minihema/share/firmware_minihema/environment/library_path.dsv
-- Installing: /home/zima/d_hospital/install/firmware_minihema/share/ament_index/resource_index/package_run_dependencies/firmware_minihema
-- Installing: /home/zima/d_hospital/install/firmware_minihema/share/ament_index/resource_index/parent_prefix_path/firmware_minihema
-- Installing: /home/zima/d_hospital/install/firmware_minihema/share/firmware_minihema/environment/ament_prefix_path.sh
-- Installing: /home/zima/d_hospital/install/firmware_minihema/share/firmware_minihema/environment/ament_prefix_path.dsv
-- Installing: /home/zima/d_hospital/install/firmware_minihema/share/firmware_minihema/environment/path.sh
-- Installing: /home/zima/d_hospital/install/firmware_minihema/share/firmware_minihema/environment/path.dsv
-- Installing: /home/zima/d_hospital/install/firmware_minihema/share/firmware_minihema/local_setup.bash
-- Installing: /home/zima/d_hospital/install/firmware_minihema/share/firmware_minihema/local_setup.sh
-- Installing: /home/zima/d_hospital/install/firmware_minihema/share/firmware_minihema/local_setup.zsh
-- Installing: /home/zima/d_hospital/install/firmware_minihema/share/firmware_minihema/local_setup.dsv
-- Installing: /home/zima/d_hospital/install/firmware_minihema/share/firmware_minihema/package.dsv
-- Installing: /home/zima/d_hospital/install/firmware_minihema/share/ament_index/resource_index/packages/firmware_minihema
-- Installing: /home/zima/d_hospital/install/firmware_minihema/share/ament_index/resource_index/hardware_interface__pluginlib__plugin/firmware_minihema
-- Installing: /home/zima/d_hospital/install/firmware_minihema/share/firmware_minihema/cmake/ament_cmake_export_libraries-extras.cmake
-- Installing: /home/zima/d_hospital/install/firmware_minihema/share/firmware_minihema/cmake/firmware_minihemaConfig.cmake
-- Installing: /home/zima/d_hospital/install/firmware_minihema/share/firmware_minihema/cmake/firmware_minihemaConfig-version.cmake
-- Installing: /home/zima/d_hospital/install/firmware_minihema/share/firmware_minihema/package.xml
