[0.020s] Invoking command in '/home/zima/d_hospital/build/firmware_minihema': CMAKE_PREFIX_PATH=${CMAKE_PREFIX_PATH}:/opt/ros/humble PS1=\[\e]0;\u@\h: \w\a\]${debian_chroot:+($debian_chroot)}\[\033[01;32m\]\u@\h\[\033[00m\]:\[\033[01;34m\]\w\[\033[00m\]\$ /usr/bin/cmake /home/zima/d_hospital/src/firmware_minihema -DCMAKE_INSTALL_PREFIX=/home/zima/d_hospital/install/firmware_minihema
[0.158s] -- The C compiler identification is GNU 11.4.0
[0.250s] -- The CXX compiler identification is GNU 11.4.0
[0.257s] -- Detecting C compiler ABI info
[0.330s] -- Detecting C compiler ABI info - done
[0.343s] -- Check for working C compiler: /usr/bin/cc - skipped
[0.343s] -- Detecting C compile features
[0.343s] -- Detecting C compile features - done
[0.348s] -- Detecting CXX compiler ABI info
[0.422s] -- Detecting CXX compiler ABI info - done
[0.432s] -- Check for working CXX compiler: /usr/bin/c++ - skipped
[0.433s] -- Detecting CXX compile features
[0.433s] -- Detecting CXX compile features - done
[0.436s] -- Found ament_cmake: 1.3.11 (/opt/ros/humble/share/ament_cmake/cmake)
[0.560s] -- Found Python3: /usr/bin/python3 (found version "3.10.12") found components: Interpreter 
[0.669s] -- Found hardware_interface: 2.50.0 (/opt/ros/humble/share/hardware_interface/cmake)
[0.740s] -- Found rosidl_generator_c: 3.1.6 (/opt/ros/humble/share/rosidl_generator_c/cmake)
[0.747s] -- Found rosidl_adapter: 3.1.6 (/opt/ros/humble/share/rosidl_adapter/cmake)
[0.758s] -- Found rosidl_generator_cpp: 3.1.6 (/opt/ros/humble/share/rosidl_generator_cpp/cmake)
[0.774s] -- Using all available rosidl_typesupport_c: rosidl_typesupport_fastrtps_c;rosidl_typesupport_introspection_c
[0.796s] -- Using all available rosidl_typesupport_cpp: rosidl_typesupport_fastrtps_cpp;rosidl_typesupport_introspection_cpp
[1.064s] -- Found rmw_implementation_cmake: 6.1.2 (/opt/ros/humble/share/rmw_implementation_cmake/cmake)
[1.068s] -- Found rmw_fastrtps_cpp: 6.2.7 (/opt/ros/humble/share/rmw_fastrtps_cpp/cmake)
[1.103s] -- Found TinyXML2 via Config file: TinyXML2_DIR-NOTFOUND
[1.161s] -- Found OpenSSL: /usr/lib/x86_64-linux-gnu/libcrypto.so (found version "3.0.2")  
[1.165s] -- Found TinyXML2 via Config file: TinyXML2_DIR-NOTFOUND
[1.179s] -- Found FastRTPS: /opt/ros/humble/include  
[1.181s] -- Found TinyXML2 via Config file: TinyXML2_DIR-NOTFOUND
[1.189s] -- Found TinyXML2 via Config file: TinyXML2_DIR-NOTFOUND
[1.198s] -- Using RMW implementation 'rmw_fastrtps_cpp' as default
[1.211s] -- Looking for pthread.h
[1.273s] -- Looking for pthread.h - found
[1.274s] -- Performing Test CMAKE_HAVE_LIBC_PTHREAD
[1.336s] -- Performing Test CMAKE_HAVE_LIBC_PTHREAD - Success
[1.336s] -- Found Threads: TRUE  
[1.389s] -- Found std_srvs: 4.8.0 (/opt/ros/humble/share/std_srvs/cmake)
[1.453s] -- Configuring done
[1.477s] -- Generating done
[1.483s] -- Build files have been written to: /home/zima/d_hospital/build/firmware_minihema
[1.494s] Invoked command in '/home/zima/d_hospital/build/firmware_minihema' returned '0': CMAKE_PREFIX_PATH=${CMAKE_PREFIX_PATH}:/opt/ros/humble PS1=\[\e]0;\u@\h: \w\a\]${debian_chroot:+($debian_chroot)}\[\033[01;32m\]\u@\h\[\033[00m\]:\[\033[01;34m\]\w\[\033[00m\]\$ /usr/bin/cmake /home/zima/d_hospital/src/firmware_minihema -DCMAKE_INSTALL_PREFIX=/home/zima/d_hospital/install/firmware_minihema
[1.495s] Invoking command in '/home/zima/d_hospital/build/firmware_minihema': CMAKE_PREFIX_PATH=${CMAKE_PREFIX_PATH}:/opt/ros/humble PS1=\[\e]0;\u@\h: \w\a\]${debian_chroot:+($debian_chroot)}\[\033[01;32m\]\u@\h\[\033[00m\]:\[\033[01;34m\]\w\[\033[00m\]\$ /usr/bin/cmake --build /home/zima/d_hospital/build/firmware_minihema -- -j16 -l16
[1.536s] [ 11%] [32mBuilding CXX object CMakeFiles/minihema_hardware.dir/src/wheel.cpp.o[0m
[1.538s] [ 22%] [32mBuilding CXX object CMakeFiles/motor_test.dir/src/motor_test.cpp.o[0m
[1.538s] [ 33%] [32mBuilding C object CMakeFiles/motor_test.dir/src/motor_encoder.c.o[0m
[1.538s] [ 44%] [32mBuilding CXX object CMakeFiles/minihema_hardware.dir/src/minihema_hardware.cpp.o[0m
[1.538s] [ 55%] [32mBuilding C object CMakeFiles/motor_test.dir/src/KeyesDriver.c.o[0m
[1.539s] [ 66%] [32mBuilding C object CMakeFiles/minihema_hardware.dir/src/KeyesDriver.c.o[0m
[1.539s] [ 77%] [32mBuilding C object CMakeFiles/minihema_hardware.dir/src/motor_encoder.c.o[0m
[1.645s] [ 88%] [32m[1mLinking CXX executable motor_test[0m
[1.719s] [ 88%] Built target motor_test
[4.054s] [100%] [32m[1mLinking CXX shared library libminihema_hardware.so[0m
[4.181s] [100%] Built target minihema_hardware
[4.189s] Invoked command in '/home/zima/d_hospital/build/firmware_minihema' returned '0': CMAKE_PREFIX_PATH=${CMAKE_PREFIX_PATH}:/opt/ros/humble PS1=\[\e]0;\u@\h: \w\a\]${debian_chroot:+($debian_chroot)}\[\033[01;32m\]\u@\h\[\033[00m\]:\[\033[01;34m\]\w\[\033[00m\]\$ /usr/bin/cmake --build /home/zima/d_hospital/build/firmware_minihema -- -j16 -l16
[4.191s] Invoking command in '/home/zima/d_hospital/build/firmware_minihema': CMAKE_PREFIX_PATH=${CMAKE_PREFIX_PATH}:/opt/ros/humble PS1=\[\e]0;\u@\h: \w\a\]${debian_chroot:+($debian_chroot)}\[\033[01;32m\]\u@\h\[\033[00m\]:\[\033[01;34m\]\w\[\033[00m\]\$ /usr/bin/cmake --install /home/zima/d_hospital/build/firmware_minihema
[4.195s] -- Install configuration: ""
[4.195s] -- Installing: /home/zima/d_hospital/install/firmware_minihema/share/firmware_minihema/minihema_hardware.xml
[4.196s] -- Installing: /home/zima/d_hospital/install/firmware_minihema/include/minihema_hardware
[4.196s] -- Installing: /home/zima/d_hospital/install/firmware_minihema/include/minihema_hardware/firmware_minihema
[4.196s] -- Installing: /home/zima/d_hospital/install/firmware_minihema/include/minihema_hardware/firmware_minihema/minihema_hardware.hpp
[4.196s] -- Installing: /home/zima/d_hospital/install/firmware_minihema/include/minihema_hardware/firmware_minihema/DEV_Config.h
[4.196s] -- Installing: /home/zima/d_hospital/install/firmware_minihema/include/minihema_hardware/firmware_minihema/wheel.hpp
[4.196s] -- Installing: /home/zima/d_hospital/install/firmware_minihema/include/minihema_hardware/firmware_minihema/KeyesDriver.h
[4.197s] -- Installing: /home/zima/d_hospital/install/firmware_minihema/include/minihema_hardware/firmware_minihema/motor_encoder.h
[4.197s] -- Installing: /home/zima/d_hospital/install/firmware_minihema/lib/libminihema_hardware.so
[4.197s] -- Set runtime path of "/home/zima/d_hospital/install/firmware_minihema/lib/libminihema_hardware.so" to ""
[4.197s] -- Installing: /home/zima/d_hospital/install/firmware_minihema/lib/firmware_minihema/motor_test
[4.197s] -- Set runtime path of "/home/zima/d_hospital/install/firmware_minihema/lib/firmware_minihema/motor_test" to ""
[4.198s] -- Installing: /home/zima/d_hospital/install/firmware_minihema/share/firmware_minihema/environment/library_path.sh
[4.198s] -- Installing: /home/zima/d_hospital/install/firmware_minihema/share/firmware_minihema/environment/library_path.dsv
[4.198s] -- Installing: /home/zima/d_hospital/install/firmware_minihema/share/ament_index/resource_index/package_run_dependencies/firmware_minihema
[4.198s] -- Installing: /home/zima/d_hospital/install/firmware_minihema/share/ament_index/resource_index/parent_prefix_path/firmware_minihema
[4.198s] -- Installing: /home/zima/d_hospital/install/firmware_minihema/share/firmware_minihema/environment/ament_prefix_path.sh
[4.198s] -- Installing: /home/zima/d_hospital/install/firmware_minihema/share/firmware_minihema/environment/ament_prefix_path.dsv
[4.198s] -- Installing: /home/zima/d_hospital/install/firmware_minihema/share/firmware_minihema/environment/path.sh
[4.198s] -- Installing: /home/zima/d_hospital/install/firmware_minihema/share/firmware_minihema/environment/path.dsv
[4.198s] -- Installing: /home/zima/d_hospital/install/firmware_minihema/share/firmware_minihema/local_setup.bash
[4.198s] -- Installing: /home/zima/d_hospital/install/firmware_minihema/share/firmware_minihema/local_setup.sh
[4.199s] -- Installing: /home/zima/d_hospital/install/firmware_minihema/share/firmware_minihema/local_setup.zsh
[4.199s] -- Installing: /home/zima/d_hospital/install/firmware_minihema/share/firmware_minihema/local_setup.dsv
[4.199s] -- Installing: /home/zima/d_hospital/install/firmware_minihema/share/firmware_minihema/package.dsv
[4.199s] -- Installing: /home/zima/d_hospital/install/firmware_minihema/share/ament_index/resource_index/packages/firmware_minihema
[4.199s] -- Installing: /home/zima/d_hospital/install/firmware_minihema/share/ament_index/resource_index/hardware_interface__pluginlib__plugin/firmware_minihema
[4.199s] -- Installing: /home/zima/d_hospital/install/firmware_minihema/share/firmware_minihema/cmake/ament_cmake_export_libraries-extras.cmake
[4.199s] -- Installing: /home/zima/d_hospital/install/firmware_minihema/share/firmware_minihema/cmake/firmware_minihemaConfig.cmake
[4.199s] -- Installing: /home/zima/d_hospital/install/firmware_minihema/share/firmware_minihema/cmake/firmware_minihemaConfig-version.cmake
[4.199s] -- Installing: /home/zima/d_hospital/install/firmware_minihema/share/firmware_minihema/package.xml
[4.202s] Invoked command in '/home/zima/d_hospital/build/firmware_minihema' returned '0': CMAKE_PREFIX_PATH=${CMAKE_PREFIX_PATH}:/opt/ros/humble PS1=\[\e]0;\u@\h: \w\a\]${debian_chroot:+($debian_chroot)}\[\033[01;32m\]\u@\h\[\033[00m\]:\[\033[01;34m\]\w\[\033[00m\]\$ /usr/bin/cmake --install /home/zima/d_hospital/build/firmware_minihema
