[35m[1mConsolidate compiler generated dependencies of target motor_test[0m
[35m[1mConsolidate compiler generated dependencies of target minihema_hardware[0m
[ 44%] Built target motor_test
[100%] Built target minihema_hardware
-- Install configuration: ""
-- Up-to-date: /home/zima/d_hospital/install/firmware_minihema/share/firmware_minihema/minihema_hardware.xml
-- Up-to-date: /home/zima/d_hospital/install/firmware_minihema/include/minihema_hardware
-- Up-to-date: /home/zima/d_hospital/install/firmware_minihema/include/minihema_hardware/firmware_minihema
-- Up-to-date: /home/zima/d_hospital/install/firmware_minihema/include/minihema_hardware/firmware_minihema/minihema_hardware.hpp
-- Up-to-date: /home/zima/d_hospital/install/firmware_minihema/include/minihema_hardware/firmware_minihema/DEV_Config.h
-- Up-to-date: /home/zima/d_hospital/install/firmware_minihema/include/minihema_hardware/firmware_minihema/wheel.hpp
-- Up-to-date: /home/zima/d_hospital/install/firmware_minihema/include/minihema_hardware/firmware_minihema/KeyesDriver.h
-- Up-to-date: /home/zima/d_hospital/install/firmware_minihema/include/minihema_hardware/firmware_minihema/motor_encoder.h
-- Up-to-date: /home/zima/d_hospital/install/firmware_minihema/lib/libminihema_hardware.so
-- Up-to-date: /home/zima/d_hospital/install/firmware_minihema/lib/firmware_minihema/motor_test
-- Up-to-date: /home/zima/d_hospital/install/firmware_minihema/share/firmware_minihema/environment/library_path.sh
-- Up-to-date: /home/zima/d_hospital/install/firmware_minihema/share/firmware_minihema/environment/library_path.dsv
-- Up-to-date: /home/zima/d_hospital/install/firmware_minihema/share/ament_index/resource_index/package_run_dependencies/firmware_minihema
-- Up-to-date: /home/zima/d_hospital/install/firmware_minihema/share/ament_index/resource_index/parent_prefix_path/firmware_minihema
-- Up-to-date: /home/zima/d_hospital/install/firmware_minihema/share/firmware_minihema/environment/ament_prefix_path.sh
-- Up-to-date: /home/zima/d_hospital/install/firmware_minihema/share/firmware_minihema/environment/ament_prefix_path.dsv
-- Up-to-date: /home/zima/d_hospital/install/firmware_minihema/share/firmware_minihema/environment/path.sh
-- Up-to-date: /home/zima/d_hospital/install/firmware_minihema/share/firmware_minihema/environment/path.dsv
-- Up-to-date: /home/zima/d_hospital/install/firmware_minihema/share/firmware_minihema/local_setup.bash
-- Up-to-date: /home/zima/d_hospital/install/firmware_minihema/share/firmware_minihema/local_setup.sh
-- Up-to-date: /home/zima/d_hospital/install/firmware_minihema/share/firmware_minihema/local_setup.zsh
-- Up-to-date: /home/zima/d_hospital/install/firmware_minihema/share/firmware_minihema/local_setup.dsv
-- Installing: /home/zima/d_hospital/install/firmware_minihema/share/firmware_minihema/package.dsv
-- Up-to-date: /home/zima/d_hospital/install/firmware_minihema/share/ament_index/resource_index/packages/firmware_minihema
-- Up-to-date: /home/zima/d_hospital/install/firmware_minihema/share/ament_index/resource_index/hardware_interface__pluginlib__plugin/firmware_minihema
-- Up-to-date: /home/zima/d_hospital/install/firmware_minihema/share/firmware_minihema/cmake/ament_cmake_export_libraries-extras.cmake
-- Up-to-date: /home/zima/d_hospital/install/firmware_minihema/share/firmware_minihema/cmake/firmware_minihemaConfig.cmake
-- Up-to-date: /home/zima/d_hospital/install/firmware_minihema/share/firmware_minihema/cmake/firmware_minihemaConfig-version.cmake
-- Up-to-date: /home/zima/d_hospital/install/firmware_minihema/share/firmware_minihema/package.xml
