[0.023s] Invoking command in '/home/zima/d_hospital/build/d_hospital_gazebo2': CMAKE_PREFIX_PATH=${CMAKE_PREFIX_PATH}:/opt/ros/humble PS1=\[\e]0;\u@\h: \w\a\]${debian_chroot:+($debian_chroot)}\[\033[01;32m\]\u@\h\[\033[00m\]:\[\033[01;34m\]\w\[\033[00m\]\$ /usr/bin/cmake /home/zima/d_hospital/src/d_hospital_gazebo2 -DCMAKE_INSTALL_PREFIX=/home/zima/d_hospital/install/d_hospital_gazebo2
[0.168s] -- The C compiler identification is GNU 11.4.0
[0.261s] -- The CXX compiler identification is GNU 11.4.0
[0.268s] -- Detecting C compiler ABI info
[0.341s] -- Detecting C compiler ABI info - done
[0.347s] -- Check for working C compiler: /usr/bin/cc - skipped
[0.348s] -- Detecting C compile features
[0.349s] -- Detecting C compile features - done
[0.352s] -- Detecting CXX compiler ABI info
[0.427s] -- Detecting CXX compiler ABI info - done
[0.437s] -- Check for working CXX compiler: /usr/bin/c++ - skipped
[0.437s] -- Detecting CXX compile features
[0.438s] -- Detecting CXX compile features - done
[0.442s] -- Found ament_cmake: 1.3.11 (/opt/ros/humble/share/ament_cmake/cmake)
[0.568s] -- Found Python3: /usr/bin/python3 (found version "3.10.12") found components: Interpreter 
[0.680s] -- Found urdf: 2.6.1 (/opt/ros/humble/share/urdf/cmake)
[0.848s] -- Configuring done
[0.851s] -- Generating done
[0.852s] -- Build files have been written to: /home/zima/d_hospital/build/d_hospital_gazebo2
[0.858s] Invoked command in '/home/zima/d_hospital/build/d_hospital_gazebo2' returned '0': CMAKE_PREFIX_PATH=${CMAKE_PREFIX_PATH}:/opt/ros/humble PS1=\[\e]0;\u@\h: \w\a\]${debian_chroot:+($debian_chroot)}\[\033[01;32m\]\u@\h\[\033[00m\]:\[\033[01;34m\]\w\[\033[00m\]\$ /usr/bin/cmake /home/zima/d_hospital/src/d_hospital_gazebo2 -DCMAKE_INSTALL_PREFIX=/home/zima/d_hospital/install/d_hospital_gazebo2
[0.860s] Invoking command in '/home/zima/d_hospital/build/d_hospital_gazebo2': CMAKE_PREFIX_PATH=${CMAKE_PREFIX_PATH}:/opt/ros/humble PS1=\[\e]0;\u@\h: \w\a\]${debian_chroot:+($debian_chroot)}\[\033[01;32m\]\u@\h\[\033[00m\]:\[\033[01;34m\]\w\[\033[00m\]\$ /usr/bin/cmake --build /home/zima/d_hospital/build/d_hospital_gazebo2 -- -j16 -l16
[0.888s] Invoked command in '/home/zima/d_hospital/build/d_hospital_gazebo2' returned '0': CMAKE_PREFIX_PATH=${CMAKE_PREFIX_PATH}:/opt/ros/humble PS1=\[\e]0;\u@\h: \w\a\]${debian_chroot:+($debian_chroot)}\[\033[01;32m\]\u@\h\[\033[00m\]:\[\033[01;34m\]\w\[\033[00m\]\$ /usr/bin/cmake --build /home/zima/d_hospital/build/d_hospital_gazebo2 -- -j16 -l16
[0.890s] Invoking command in '/home/zima/d_hospital/build/d_hospital_gazebo2': CMAKE_PREFIX_PATH=${CMAKE_PREFIX_PATH}:/opt/ros/humble PS1=\[\e]0;\u@\h: \w\a\]${debian_chroot:+($debian_chroot)}\[\033[01;32m\]\u@\h\[\033[00m\]:\[\033[01;34m\]\w\[\033[00m\]\$ /usr/bin/cmake --install /home/zima/d_hospital/build/d_hospital_gazebo2
[0.896s] -- Install configuration: ""
[0.896s] -- Installing: /home/zima/d_hospital/install/d_hospital_gazebo2/share/d_hospital_gazebo2/config
[0.896s] -- Installing: /home/zima/d_hospital/install/d_hospital_gazebo2/share/d_hospital_gazebo2/config/twist_mux.yaml
[0.896s] -- Installing: /home/zima/d_hospital/install/d_hospital_gazebo2/share/d_hospital_gazebo2/config/gazebo_params.yaml
[0.896s] -- Installing: /home/zima/d_hospital/install/d_hospital_gazebo2/share/d_hospital_gazebo2/launch
[0.897s] -- Installing: /home/zima/d_hospital/install/d_hospital_gazebo2/share/d_hospital_gazebo2/launch/hospital.py
[0.897s] -- Installing: /home/zima/d_hospital/install/d_hospital_gazebo2/share/d_hospital_gazebo2/launch/display.py
[0.897s] -- Installing: /home/zima/d_hospital/install/d_hospital_gazebo2/share/d_hospital_gazebo2/worlds
[0.897s] -- Installing: /home/zima/d_hospital/install/d_hospital_gazebo2/share/d_hospital_gazebo2/worlds/hospital.world
[0.897s] -- Installing: /home/zima/d_hospital/install/d_hospital_gazebo2/share/d_hospital_gazebo2/worlds/obstacles.world
[0.897s] -- Installing: /home/zima/d_hospital/install/d_hospital_gazebo2/share/ament_index/resource_index/package_run_dependencies/d_hospital_gazebo2
[0.897s] -- Installing: /home/zima/d_hospital/install/d_hospital_gazebo2/share/ament_index/resource_index/parent_prefix_path/d_hospital_gazebo2
[0.897s] -- Installing: /home/zima/d_hospital/install/d_hospital_gazebo2/share/d_hospital_gazebo2/environment/ament_prefix_path.sh
[0.898s] -- Installing: /home/zima/d_hospital/install/d_hospital_gazebo2/share/d_hospital_gazebo2/environment/ament_prefix_path.dsv
[0.898s] -- Installing: /home/zima/d_hospital/install/d_hospital_gazebo2/share/d_hospital_gazebo2/environment/path.sh
[0.898s] -- Installing: /home/zima/d_hospital/install/d_hospital_gazebo2/share/d_hospital_gazebo2/environment/path.dsv
[0.898s] -- Installing: /home/zima/d_hospital/install/d_hospital_gazebo2/share/d_hospital_gazebo2/local_setup.bash
[0.898s] -- Installing: /home/zima/d_hospital/install/d_hospital_gazebo2/share/d_hospital_gazebo2/local_setup.sh
[0.898s] -- Installing: /home/zima/d_hospital/install/d_hospital_gazebo2/share/d_hospital_gazebo2/local_setup.zsh
[0.899s] -- Installing: /home/zima/d_hospital/install/d_hospital_gazebo2/share/d_hospital_gazebo2/local_setup.dsv
[0.899s] -- Installing: /home/zima/d_hospital/install/d_hospital_gazebo2/share/d_hospital_gazebo2/package.dsv
[0.899s] -- Installing: /home/zima/d_hospital/install/d_hospital_gazebo2/share/ament_index/resource_index/packages/d_hospital_gazebo2
[0.899s] -- Installing: /home/zima/d_hospital/install/d_hospital_gazebo2/share/d_hospital_gazebo2/cmake/d_hospital_gazebo2Config.cmake
[0.899s] -- Installing: /home/zima/d_hospital/install/d_hospital_gazebo2/share/d_hospital_gazebo2/cmake/d_hospital_gazebo2Config-version.cmake
[0.899s] -- Installing: /home/zima/d_hospital/install/d_hospital_gazebo2/share/d_hospital_gazebo2/package.xml
[0.904s] Invoked command in '/home/zima/d_hospital/build/d_hospital_gazebo2' returned '0': CMAKE_PREFIX_PATH=${CMAKE_PREFIX_PATH}:/opt/ros/humble PS1=\[\e]0;\u@\h: \w\a\]${debian_chroot:+($debian_chroot)}\[\033[01;32m\]\u@\h\[\033[00m\]:\[\033[01;34m\]\w\[\033[00m\]\$ /usr/bin/cmake --install /home/zima/d_hospital/build/d_hospital_gazebo2
