-- Install configuration: ""
-- Up-to-date: /home/zima/d_hospital/install/d_hospital_gazebo2/share/d_hospital_gazebo2/config
-- Up-to-date: /home/zima/d_hospital/install/d_hospital_gazebo2/share/d_hospital_gazebo2/config/twist_mux.yaml
-- Up-to-date: /home/zima/d_hospital/install/d_hospital_gazebo2/share/d_hospital_gazebo2/config/gazebo_params.yaml
-- Up-to-date: /home/zima/d_hospital/install/d_hospital_gazebo2/share/d_hospital_gazebo2/launch
-- Up-to-date: /home/zima/d_hospital/install/d_hospital_gazebo2/share/d_hospital_gazebo2/launch/hospital.py
-- Up-to-date: /home/zima/d_hospital/install/d_hospital_gazebo2/share/d_hospital_gazebo2/launch/display.py
-- Up-to-date: /home/zima/d_hospital/install/d_hospital_gazebo2/share/d_hospital_gazebo2/worlds
-- Up-to-date: /home/zima/d_hospital/install/d_hospital_gazebo2/share/d_hospital_gazebo2/worlds/hospital.world
-- Up-to-date: /home/zima/d_hospital/install/d_hospital_gazebo2/share/d_hospital_gazebo2/worlds/obstacles.world
-- Up-to-date: /home/zima/d_hospital/install/d_hospital_gazebo2/share/ament_index/resource_index/package_run_dependencies/d_hospital_gazebo2
-- Up-to-date: /home/zima/d_hospital/install/d_hospital_gazebo2/share/ament_index/resource_index/parent_prefix_path/d_hospital_gazebo2
-- Up-to-date: /home/zima/d_hospital/install/d_hospital_gazebo2/share/d_hospital_gazebo2/environment/ament_prefix_path.sh
-- Up-to-date: /home/zima/d_hospital/install/d_hospital_gazebo2/share/d_hospital_gazebo2/environment/ament_prefix_path.dsv
-- Up-to-date: /home/zima/d_hospital/install/d_hospital_gazebo2/share/d_hospital_gazebo2/environment/path.sh
-- Up-to-date: /home/zima/d_hospital/install/d_hospital_gazebo2/share/d_hospital_gazebo2/environment/path.dsv
-- Up-to-date: /home/zima/d_hospital/install/d_hospital_gazebo2/share/d_hospital_gazebo2/local_setup.bash
-- Up-to-date: /home/zima/d_hospital/install/d_hospital_gazebo2/share/d_hospital_gazebo2/local_setup.sh
-- Up-to-date: /home/zima/d_hospital/install/d_hospital_gazebo2/share/d_hospital_gazebo2/local_setup.zsh
-- Up-to-date: /home/zima/d_hospital/install/d_hospital_gazebo2/share/d_hospital_gazebo2/local_setup.dsv
-- Up-to-date: /home/zima/d_hospital/install/d_hospital_gazebo2/share/d_hospital_gazebo2/package.dsv
-- Up-to-date: /home/zima/d_hospital/install/d_hospital_gazebo2/share/ament_index/resource_index/packages/d_hospital_gazebo2
-- Up-to-date: /home/zima/d_hospital/install/d_hospital_gazebo2/share/d_hospital_gazebo2/cmake/d_hospital_gazebo2Config.cmake
-- Up-to-date: /home/zima/d_hospital/install/d_hospital_gazebo2/share/d_hospital_gazebo2/cmake/d_hospital_gazebo2Config-version.cmake
-- Up-to-date: /home/zima/d_hospital/install/d_hospital_gazebo2/share/d_hospital_gazebo2/package.xml
