[0.032s] Invoking command in '/home/zima/d_hospital/build/d_hospital_description': CMAKE_PREFIX_PATH=${CMAKE_PREFIX_PATH}:/opt/ros/humble PS1=\[\e]0;\u@\h: \w\a\]${debian_chroot:+($debian_chroot)}\[\033[01;32m\]\u@\h\[\033[00m\]:\[\033[01;34m\]\w\[\033[00m\]\$ /usr/bin/cmake --build /home/zima/d_hospital/build/d_hospital_description -- -j16 -l16
[0.063s] Invoked command in '/home/zima/d_hospital/build/d_hospital_description' returned '0': CMAKE_PREFIX_PATH=${CMAKE_PREFIX_PATH}:/opt/ros/humble PS1=\[\e]0;\u@\h: \w\a\]${debian_chroot:+($debian_chroot)}\[\033[01;32m\]\u@\h\[\033[00m\]:\[\033[01;34m\]\w\[\033[00m\]\$ /usr/bin/cmake --build /home/zima/d_hospital/build/d_hospital_description -- -j16 -l16
[0.072s] Invoking command in '/home/zima/d_hospital/build/d_hospital_description': CMAKE_PREFIX_PATH=${CMAKE_PREFIX_PATH}:/opt/ros/humble PS1=\[\e]0;\u@\h: \w\a\]${debian_chroot:+($debian_chroot)}\[\033[01;32m\]\u@\h\[\033[00m\]:\[\033[01;34m\]\w\[\033[00m\]\$ /usr/bin/cmake --install /home/zima/d_hospital/build/d_hospital_description
[0.080s] -- Install configuration: ""
[0.080s] -- Up-to-date: /home/zima/d_hospital/install/d_hospital_description/share/d_hospital_description/launch
[0.080s] -- Up-to-date: /home/zima/d_hospital/install/d_hospital_description/share/d_hospital_description/launch/spawn_in_rviz.py
[0.080s] -- Up-to-date: /home/zima/d_hospital/install/d_hospital_description/share/d_hospital_description/launch/robot_hospital.py
[0.080s] -- Up-to-date: /home/zima/d_hospital/install/d_hospital_description/share/d_hospital_description/launch/display.py
[0.080s] -- Up-to-date: /home/zima/d_hospital/install/d_hospital_description/share/d_hospital_description/meshes
[0.080s] -- Up-to-date: /home/zima/d_hospital/install/d_hospital_description/share/d_hospital_description/meshes/rplidar_base.dae
[0.080s] -- Up-to-date: /home/zima/d_hospital/install/d_hospital_description/share/d_hospital_description/meshes/rpi_stand.dae
[0.081s] -- Up-to-date: /home/zima/d_hospital/install/d_hospital_description/share/d_hospital_description/meshes/rpi_camera.dae
[0.081s] -- Up-to-date: /home/zima/d_hospital/install/d_hospital_description/share/d_hospital_description/meshes/rplidar_top.dae
[0.081s] -- Up-to-date: /home/zima/d_hospital/install/d_hospital_description/share/d_hospital_description/meshes/MPU6050.dae
[0.081s] -- Up-to-date: /home/zima/d_hospital/install/d_hospital_description/share/d_hospital_description/meshes/rpi_camera_mount.dae
[0.081s] -- Up-to-date: /home/zima/d_hospital/install/d_hospital_description/share/d_hospital_description/meshes/rplidar_stand.dae
[0.081s] -- Up-to-date: /home/zima/d_hospital/install/d_hospital_description/share/d_hospital_description/meshes/caster_wheel.dae
[0.081s] -- Up-to-date: /home/zima/d_hospital/install/d_hospital_description/share/d_hospital_description/meshes/power_bank_stand.dae
[0.081s] -- Up-to-date: /home/zima/d_hospital/install/d_hospital_description/share/d_hospital_description/meshes/caster_mount.dae
[0.081s] -- Up-to-date: /home/zima/d_hospital/install/d_hospital_description/share/d_hospital_description/meshes/rpi_4.dae
[0.081s] -- Up-to-date: /home/zima/d_hospital/install/d_hospital_description/share/d_hospital_description/meshes/robot_chassis.dae
[0.081s] -- Up-to-date: /home/zima/d_hospital/install/d_hospital_description/share/d_hospital_description/meshes/power_bank.dae
[0.082s] -- Up-to-date: /home/zima/d_hospital/install/d_hospital_description/share/d_hospital_description/meshes/right_wheel.dae
[0.082s] -- Up-to-date: /home/zima/d_hospital/install/d_hospital_description/share/d_hospital_description/urdf
[0.082s] -- Up-to-date: /home/zima/d_hospital/install/d_hospital_description/share/d_hospital_description/urdf/d_hospital_core.xacro
[0.082s] -- Installing: /home/zima/d_hospital/install/d_hospital_description/share/d_hospital_description/urdf/d_hospital.xacro
[0.082s] -- Up-to-date: /home/zima/d_hospital/install/d_hospital_description/share/d_hospital_description/urdf/camera.xacro
[0.082s] -- Up-to-date: /home/zima/d_hospital/install/d_hospital_description/share/d_hospital_description/urdf/gazebo_control.xacro
[0.082s] -- Up-to-date: /home/zima/d_hospital/install/d_hospital_description/share/d_hospital_description/urdf/lidar.xacro
[0.082s] -- Up-to-date: /home/zima/d_hospital/install/d_hospital_description/share/d_hospital_description/urdf/ros2_control.xacro
[0.082s] -- Up-to-date: /home/zima/d_hospital/install/d_hospital_description/share/d_hospital_description/urdf/imu.xacro
[0.082s] -- Up-to-date: /home/zima/d_hospital/install/d_hospital_description/share/d_hospital_description/urdf/inertial_macros.xacro
[0.082s] -- Up-to-date: /home/zima/d_hospital/install/d_hospital_description/share/d_hospital_description/rviz
[0.083s] -- Up-to-date: /home/zima/d_hospital/install/d_hospital_description/share/d_hospital_description/rviz/description.rviz
[0.083s] -- Up-to-date: /home/zima/d_hospital/install/d_hospital_description/share/d_hospital_description/rviz/lidarbot_sim.rviz
[0.083s] -- Up-to-date: /home/zima/d_hospital/install/d_hospital_description/share/d_hospital_description/config
[0.083s] -- Up-to-date: /home/zima/d_hospital/install/d_hospital_description/share/d_hospital_description/config/gazebo_ros2_ctl_use_sim.yaml
[0.083s] -- Up-to-date: /home/zima/d_hospital/install/d_hospital_description/share/d_hospital_description/config/controllers.yaml
[0.083s] -- Up-to-date: /home/zima/d_hospital/install/d_hospital_description/share/ament_index/resource_index/package_run_dependencies/d_hospital_description
[0.083s] -- Up-to-date: /home/zima/d_hospital/install/d_hospital_description/share/ament_index/resource_index/parent_prefix_path/d_hospital_description
[0.083s] -- Up-to-date: /home/zima/d_hospital/install/d_hospital_description/share/d_hospital_description/environment/ament_prefix_path.sh
[0.083s] -- Up-to-date: /home/zima/d_hospital/install/d_hospital_description/share/d_hospital_description/environment/ament_prefix_path.dsv
[0.083s] -- Up-to-date: /home/zima/d_hospital/install/d_hospital_description/share/d_hospital_description/environment/path.sh
[0.084s] -- Up-to-date: /home/zima/d_hospital/install/d_hospital_description/share/d_hospital_description/environment/path.dsv
[0.084s] -- Up-to-date: /home/zima/d_hospital/install/d_hospital_description/share/d_hospital_description/local_setup.bash
[0.084s] -- Up-to-date: /home/zima/d_hospital/install/d_hospital_description/share/d_hospital_description/local_setup.sh
[0.084s] -- Up-to-date: /home/zima/d_hospital/install/d_hospital_description/share/d_hospital_description/local_setup.zsh
[0.084s] -- Up-to-date: /home/zima/d_hospital/install/d_hospital_description/share/d_hospital_description/local_setup.dsv
[0.084s] -- Up-to-date: /home/zima/d_hospital/install/d_hospital_description/share/d_hospital_description/package.dsv
[0.084s] -- Up-to-date: /home/zima/d_hospital/install/d_hospital_description/share/ament_index/resource_index/packages/d_hospital_description
[0.084s] -- Up-to-date: /home/zima/d_hospital/install/d_hospital_description/share/d_hospital_description/cmake/d_hospital_descriptionConfig.cmake
[0.084s] -- Up-to-date: /home/zima/d_hospital/install/d_hospital_description/share/d_hospital_description/cmake/d_hospital_descriptionConfig-version.cmake
[0.085s] -- Up-to-date: /home/zima/d_hospital/install/d_hospital_description/share/d_hospital_description/package.xml
[0.094s] Invoked command in '/home/zima/d_hospital/build/d_hospital_description' returned '0': CMAKE_PREFIX_PATH=${CMAKE_PREFIX_PATH}:/opt/ros/humble PS1=\[\e]0;\u@\h: \w\a\]${debian_chroot:+($debian_chroot)}\[\033[01;32m\]\u@\h\[\033[00m\]:\[\033[01;34m\]\w\[\033[00m\]\$ /usr/bin/cmake --install /home/zima/d_hospital/build/d_hospital_description
