Built target ament_cmake_python_copy_d_hospital_navigation2
running egg_info
writing d_hospital_navigation2.egg-info/PKG-INFO
writing dependency_links to d_hospital_navigation2.egg-info/dependency_links.txt
writing top-level names to d_hospital_navigation2.egg-info/top_level.txt
reading manifest file 'd_hospital_navigation2.egg-info/SOURCES.txt'
writing manifest file 'd_hospital_navigation2.egg-info/SOURCES.txt'
Built target ament_cmake_python_build_d_hospital_navigation2_egg
-- Install configuration: ""
-- Up-to-date: /home/zima/d_hospital/install/d_hospital_navigation2/share/d_hospital_navigation2/config
-- Up-to-date: /home/zima/d_hospital/install/d_hospital_navigation2/share/d_hospital_navigation2/config/nav2_params.yaml
-- Up-to-date: /home/zima/d_hospital/install/d_hospital_navigation2/share/d_hospital_navigation2/config/ekf.yaml
-- Up-to-date: /home/zima/d_hospital/install/d_hospital_navigation2/share/d_hospital_navigation2/launch
-- Up-to-date: /home/zima/d_hospital/install/d_hospital_navigation2/share/d_hospital_navigation2/launch/localization_launch.py
-- Up-to-date: /home/zima/d_hospital/install/d_hospital_navigation2/share/d_hospital_navigation2/launch/navigation_launch.py
-- Up-to-date: /home/zima/d_hospital/install/d_hospital_navigation2/share/d_hospital_navigation2/maps
-- Up-to-date: /home/zima/d_hospital/install/d_hospital_navigation2/share/d_hospital_navigation2/maps/sim_map.data
-- Up-to-date: /home/zima/d_hospital/install/d_hospital_navigation2/share/d_hospital_navigation2/maps/sim_map.posegraph
-- Up-to-date: /home/zima/d_hospital/install/d_hospital_navigation2/share/d_hospital_navigation2/maps/sim_map.pgm
-- Up-to-date: /home/zima/d_hospital/install/d_hospital_navigation2/share/d_hospital_navigation2/maps/real_map3.pgm
-- Up-to-date: /home/zima/d_hospital/install/d_hospital_navigation2/share/d_hospital_navigation2/maps/real_map3.yaml
-- Up-to-date: /home/zima/d_hospital/install/d_hospital_navigation2/share/d_hospital_navigation2/maps/sim_map.yaml
-- Up-to-date: /home/zima/d_hospital/install/d_hospital_navigation2/share/d_hospital_navigation2/environment/pythonpath.sh
-- Up-to-date: /home/zima/d_hospital/install/d_hospital_navigation2/share/d_hospital_navigation2/environment/pythonpath.dsv
-- Up-to-date: /home/zima/d_hospital/install/d_hospital_navigation2/local/lib/python3.10/dist-packages/d_hospital_navigation2-0.0.0-py3.10.egg-info
-- Installing: /home/zima/d_hospital/install/d_hospital_navigation2/local/lib/python3.10/dist-packages/d_hospital_navigation2-0.0.0-py3.10.egg-info/top_level.txt
-- Installing: /home/zima/d_hospital/install/d_hospital_navigation2/local/lib/python3.10/dist-packages/d_hospital_navigation2-0.0.0-py3.10.egg-info/dependency_links.txt
-- Installing: /home/zima/d_hospital/install/d_hospital_navigation2/local/lib/python3.10/dist-packages/d_hospital_navigation2-0.0.0-py3.10.egg-info/PKG-INFO
-- Installing: /home/zima/d_hospital/install/d_hospital_navigation2/local/lib/python3.10/dist-packages/d_hospital_navigation2-0.0.0-py3.10.egg-info/SOURCES.txt
-- Up-to-date: /home/zima/d_hospital/install/d_hospital_navigation2/local/lib/python3.10/dist-packages/d_hospital_navigation2
-- Up-to-date: /home/zima/d_hospital/install/d_hospital_navigation2/local/lib/python3.10/dist-packages/d_hospital_navigation2/__init__.py
Listing '/home/zima/d_hospital/install/d_hospital_navigation2/local/lib/python3.10/dist-packages/d_hospital_navigation2'...
-- Up-to-date: /home/zima/d_hospital/install/d_hospital_navigation2/lib/d_hospital_navigation2/trajectory_visualizer.py
-- Up-to-date: /home/zima/d_hospital/install/d_hospital_navigation2/share/ament_index/resource_index/package_run_dependencies/d_hospital_navigation2
-- Up-to-date: /home/zima/d_hospital/install/d_hospital_navigation2/share/ament_index/resource_index/parent_prefix_path/d_hospital_navigation2
-- Up-to-date: /home/zima/d_hospital/install/d_hospital_navigation2/share/d_hospital_navigation2/environment/ament_prefix_path.sh
-- Up-to-date: /home/zima/d_hospital/install/d_hospital_navigation2/share/d_hospital_navigation2/environment/ament_prefix_path.dsv
-- Up-to-date: /home/zima/d_hospital/install/d_hospital_navigation2/share/d_hospital_navigation2/environment/path.sh
-- Up-to-date: /home/zima/d_hospital/install/d_hospital_navigation2/share/d_hospital_navigation2/environment/path.dsv
-- Up-to-date: /home/zima/d_hospital/install/d_hospital_navigation2/share/d_hospital_navigation2/local_setup.bash
-- Up-to-date: /home/zima/d_hospital/install/d_hospital_navigation2/share/d_hospital_navigation2/local_setup.sh
-- Up-to-date: /home/zima/d_hospital/install/d_hospital_navigation2/share/d_hospital_navigation2/local_setup.zsh
-- Up-to-date: /home/zima/d_hospital/install/d_hospital_navigation2/share/d_hospital_navigation2/local_setup.dsv
-- Up-to-date: /home/zima/d_hospital/install/d_hospital_navigation2/share/d_hospital_navigation2/package.dsv
-- Up-to-date: /home/zima/d_hospital/install/d_hospital_navigation2/share/ament_index/resource_index/packages/d_hospital_navigation2
-- Up-to-date: /home/zima/d_hospital/install/d_hospital_navigation2/share/d_hospital_navigation2/cmake/d_hospital_navigation2Config.cmake
-- Up-to-date: /home/zima/d_hospital/install/d_hospital_navigation2/share/d_hospital_navigation2/cmake/d_hospital_navigation2Config-version.cmake
-- Up-to-date: /home/zima/d_hospital/install/d_hospital_navigation2/share/d_hospital_navigation2/package.xml
