[0.031s] Invoking command in '/home/zima/d_hospital/build/d_hospital_description': CMAKE_PREFIX_PATH=${CMAKE_PREFIX_PATH}:/opt/ros/humble PS1=\[\e]0;\u@\h: \w\a\]${debian_chroot:+($debian_chroot)}\[\033[01;32m\]\u@\h\[\033[00m\]:\[\033[01;34m\]\w\[\033[00m\]\$ /usr/bin/cmake /home/zima/d_hospital/src/d_hospital_description -DCMAKE_INSTALL_PREFIX=/home/zima/d_hospital/install/d_hospital_description
[0.178s] -- The C compiler identification is GNU 11.4.0
[0.270s] -- The CXX compiler identification is GNU 11.4.0
[0.278s] -- Detecting C compiler ABI info
[0.350s] -- Detecting C compiler ABI info - done
[0.356s] -- Check for working C compiler: /usr/bin/cc - skipped
[0.357s] -- Detecting C compile features
[0.358s] -- Detecting C compile features - done
[0.361s] -- Detecting CXX compiler ABI info
[0.436s] -- Detecting CXX compiler ABI info - done
[0.448s] -- Check for working CXX compiler: /usr/bin/c++ - skipped
[0.448s] -- Detecting CXX compile features
[0.448s] -- Detecting CXX compile features - done
[0.451s] -- Found ament_cmake: 1.3.11 (/opt/ros/humble/share/ament_cmake/cmake)
[0.577s] -- Found Python3: /usr/bin/python3 (found version "3.10.12") found components: Interpreter 
[0.689s] -- Found urdf: 2.6.1 (/opt/ros/humble/share/urdf/cmake)
[0.867s] -- Configuring done
[0.870s] -- Generating done
[0.873s] -- Build files have been written to: /home/zima/d_hospital/build/d_hospital_description
[0.879s] Invoked command in '/home/zima/d_hospital/build/d_hospital_description' returned '0': CMAKE_PREFIX_PATH=${CMAKE_PREFIX_PATH}:/opt/ros/humble PS1=\[\e]0;\u@\h: \w\a\]${debian_chroot:+($debian_chroot)}\[\033[01;32m\]\u@\h\[\033[00m\]:\[\033[01;34m\]\w\[\033[00m\]\$ /usr/bin/cmake /home/zima/d_hospital/src/d_hospital_description -DCMAKE_INSTALL_PREFIX=/home/zima/d_hospital/install/d_hospital_description
[0.880s] Invoking command in '/home/zima/d_hospital/build/d_hospital_description': CMAKE_PREFIX_PATH=${CMAKE_PREFIX_PATH}:/opt/ros/humble PS1=\[\e]0;\u@\h: \w\a\]${debian_chroot:+($debian_chroot)}\[\033[01;32m\]\u@\h\[\033[00m\]:\[\033[01;34m\]\w\[\033[00m\]\$ /usr/bin/cmake --build /home/zima/d_hospital/build/d_hospital_description -- -j16 -l16
[0.910s] Invoked command in '/home/zima/d_hospital/build/d_hospital_description' returned '0': CMAKE_PREFIX_PATH=${CMAKE_PREFIX_PATH}:/opt/ros/humble PS1=\[\e]0;\u@\h: \w\a\]${debian_chroot:+($debian_chroot)}\[\033[01;32m\]\u@\h\[\033[00m\]:\[\033[01;34m\]\w\[\033[00m\]\$ /usr/bin/cmake --build /home/zima/d_hospital/build/d_hospital_description -- -j16 -l16
[0.911s] Invoking command in '/home/zima/d_hospital/build/d_hospital_description': CMAKE_PREFIX_PATH=${CMAKE_PREFIX_PATH}:/opt/ros/humble PS1=\[\e]0;\u@\h: \w\a\]${debian_chroot:+($debian_chroot)}\[\033[01;32m\]\u@\h\[\033[00m\]:\[\033[01;34m\]\w\[\033[00m\]\$ /usr/bin/cmake --install /home/zima/d_hospital/build/d_hospital_description
[0.919s] -- Install configuration: ""
[0.919s] -- Installing: /home/zima/d_hospital/install/d_hospital_description/share/d_hospital_description/launch
[0.919s] -- Installing: /home/zima/d_hospital/install/d_hospital_description/share/d_hospital_description/launch/spawn_in_rviz.py
[0.919s] -- Installing: /home/zima/d_hospital/install/d_hospital_description/share/d_hospital_description/launch/robot_hospital.py
[0.919s] -- Installing: /home/zima/d_hospital/install/d_hospital_description/share/d_hospital_description/launch/display.py
[0.919s] -- Installing: /home/zima/d_hospital/install/d_hospital_description/share/d_hospital_description/meshes
[0.919s] -- Installing: /home/zima/d_hospital/install/d_hospital_description/share/d_hospital_description/meshes/rplidar_base.dae
[0.933s] -- Installing: /home/zima/d_hospital/install/d_hospital_description/share/d_hospital_description/meshes/rpi_stand.dae
[0.933s] -- Installing: /home/zima/d_hospital/install/d_hospital_description/share/d_hospital_description/meshes/rpi_camera.dae
[0.933s] -- Installing: /home/zima/d_hospital/install/d_hospital_description/share/d_hospital_description/meshes/rplidar_top.dae
[0.936s] -- Installing: /home/zima/d_hospital/install/d_hospital_description/share/d_hospital_description/meshes/MPU6050.dae
[0.938s] -- Installing: /home/zima/d_hospital/install/d_hospital_description/share/d_hospital_description/meshes/rpi_camera_mount.dae
[0.938s] -- Installing: /home/zima/d_hospital/install/d_hospital_description/share/d_hospital_description/meshes/rplidar_stand.dae
[0.939s] -- Installing: /home/zima/d_hospital/install/d_hospital_description/share/d_hospital_description/meshes/caster_wheel.dae
[0.940s] -- Installing: /home/zima/d_hospital/install/d_hospital_description/share/d_hospital_description/meshes/power_bank_stand.dae
[0.940s] -- Installing: /home/zima/d_hospital/install/d_hospital_description/share/d_hospital_description/meshes/caster_mount.dae
[0.941s] -- Installing: /home/zima/d_hospital/install/d_hospital_description/share/d_hospital_description/meshes/rpi_4.dae
[0.949s] -- Installing: /home/zima/d_hospital/install/d_hospital_description/share/d_hospital_description/meshes/robot_chassis.dae
[0.950s] -- Installing: /home/zima/d_hospital/install/d_hospital_description/share/d_hospital_description/meshes/power_bank.dae
[0.950s] -- Installing: /home/zima/d_hospital/install/d_hospital_description/share/d_hospital_description/meshes/right_wheel.dae
[0.952s] -- Installing: /home/zima/d_hospital/install/d_hospital_description/share/d_hospital_description/urdf
[0.952s] -- Installing: /home/zima/d_hospital/install/d_hospital_description/share/d_hospital_description/urdf/d_hospital_core.xacro
[0.952s] -- Installing: /home/zima/d_hospital/install/d_hospital_description/share/d_hospital_description/urdf/d_hospital.xacro
[0.952s] -- Installing: /home/zima/d_hospital/install/d_hospital_description/share/d_hospital_description/urdf/camera.xacro
[0.952s] -- Installing: /home/zima/d_hospital/install/d_hospital_description/share/d_hospital_description/urdf/gazebo_control.xacro
[0.952s] -- Installing: /home/zima/d_hospital/install/d_hospital_description/share/d_hospital_description/urdf/lidar.xacro
[0.952s] -- Installing: /home/zima/d_hospital/install/d_hospital_description/share/d_hospital_description/urdf/ros2_control.xacro
[0.952s] -- Installing: /home/zima/d_hospital/install/d_hospital_description/share/d_hospital_description/urdf/imu.xacro
[0.953s] -- Installing: /home/zima/d_hospital/install/d_hospital_description/share/d_hospital_description/urdf/inertial_macros.xacro
[0.953s] -- Installing: /home/zima/d_hospital/install/d_hospital_description/share/d_hospital_description/rviz
[0.953s] -- Installing: /home/zima/d_hospital/install/d_hospital_description/share/d_hospital_description/rviz/description.rviz
[0.953s] -- Installing: /home/zima/d_hospital/install/d_hospital_description/share/d_hospital_description/rviz/lidarbot_sim.rviz
[0.953s] -- Installing: /home/zima/d_hospital/install/d_hospital_description/share/d_hospital_description/config
[0.953s] -- Installing: /home/zima/d_hospital/install/d_hospital_description/share/d_hospital_description/config/gazebo_ros2_ctl_use_sim.yaml
[0.953s] -- Installing: /home/zima/d_hospital/install/d_hospital_description/share/d_hospital_description/config/controllers.yaml
[0.953s] -- Installing: /home/zima/d_hospital/install/d_hospital_description/share/ament_index/resource_index/package_run_dependencies/d_hospital_description
[0.953s] -- Installing: /home/zima/d_hospital/install/d_hospital_description/share/ament_index/resource_index/parent_prefix_path/d_hospital_description
[0.953s] -- Installing: /home/zima/d_hospital/install/d_hospital_description/share/d_hospital_description/environment/ament_prefix_path.sh
[0.953s] -- Installing: /home/zima/d_hospital/install/d_hospital_description/share/d_hospital_description/environment/ament_prefix_path.dsv
[0.953s] -- Installing: /home/zima/d_hospital/install/d_hospital_description/share/d_hospital_description/environment/path.sh
[0.953s] -- Installing: /home/zima/d_hospital/install/d_hospital_description/share/d_hospital_description/environment/path.dsv
[0.954s] -- Installing: /home/zima/d_hospital/install/d_hospital_description/share/d_hospital_description/local_setup.bash
[0.954s] -- Installing: /home/zima/d_hospital/install/d_hospital_description/share/d_hospital_description/local_setup.sh
[0.954s] -- Installing: /home/zima/d_hospital/install/d_hospital_description/share/d_hospital_description/local_setup.zsh
[0.954s] -- Installing: /home/zima/d_hospital/install/d_hospital_description/share/d_hospital_description/local_setup.dsv
[0.954s] -- Installing: /home/zima/d_hospital/install/d_hospital_description/share/d_hospital_description/package.dsv
[0.954s] -- Installing: /home/zima/d_hospital/install/d_hospital_description/share/ament_index/resource_index/packages/d_hospital_description
[0.954s] -- Installing: /home/zima/d_hospital/install/d_hospital_description/share/d_hospital_description/cmake/d_hospital_descriptionConfig.cmake
[0.954s] -- Installing: /home/zima/d_hospital/install/d_hospital_description/share/d_hospital_description/cmake/d_hospital_descriptionConfig-version.cmake
[0.954s] -- Installing: /home/zima/d_hospital/install/d_hospital_description/share/d_hospital_description/package.xml
[0.957s] Invoked command in '/home/zima/d_hospital/build/d_hospital_description' returned '0': CMAKE_PREFIX_PATH=${CMAKE_PREFIX_PATH}:/opt/ros/humble PS1=\[\e]0;\u@\h: \w\a\]${debian_chroot:+($debian_chroot)}\[\033[01;32m\]\u@\h\[\033[00m\]:\[\033[01;34m\]\w\[\033[00m\]\$ /usr/bin/cmake --install /home/zima/d_hospital/build/d_hospital_description
