[0.026s] Invoking command in '/home/zima/d_hospital/build/firmware_minihema': CMAKE_PREFIX_PATH=${CMAKE_PREFIX_PATH}:/opt/ros/humble PS1=\[\e]0;\u@\h: \w\a\]${debian_chroot:+($debian_chroot)}\[\033[01;32m\]\u@\h\[\033[00m\]:\[\033[01;34m\]\w\[\033[00m\]\$ /usr/bin/cmake --build /home/zima/d_hospital/build/firmware_minihema -- -j16 -l16
[0.125s] [ 44%] Built target motor_test
[0.145s] [100%] Built target minihema_hardware
[0.197s] Invoked command in '/home/zima/d_hospital/build/firmware_minihema' returned '0': CMAKE_PREFIX_PATH=${CMAKE_PREFIX_PATH}:/opt/ros/humble PS1=\[\e]0;\u@\h: \w\a\]${debian_chroot:+($debian_chroot)}\[\033[01;32m\]\u@\h\[\033[00m\]:\[\033[01;34m\]\w\[\033[00m\]\$ /usr/bin/cmake --build /home/zima/d_hospital/build/firmware_minihema -- -j16 -l16
[0.199s] Invoking command in '/home/zima/d_hospital/build/firmware_minihema': CMAKE_PREFIX_PATH=${CMAKE_PREFIX_PATH}:/opt/ros/humble PS1=\[\e]0;\u@\h: \w\a\]${debian_chroot:+($debian_chroot)}\[\033[01;32m\]\u@\h\[\033[00m\]:\[\033[01;34m\]\w\[\033[00m\]\$ /usr/bin/cmake --install /home/zima/d_hospital/build/firmware_minihema
[0.206s] -- Install configuration: ""
[0.206s] -- Up-to-date: /home/zima/d_hospital/install/firmware_minihema/share/firmware_minihema/minihema_hardware.xml
[0.206s] -- Up-to-date: /home/zima/d_hospital/install/firmware_minihema/include/minihema_hardware
[0.206s] -- Up-to-date: /home/zima/d_hospital/install/firmware_minihema/include/minihema_hardware/firmware_minihema
[0.206s] -- Up-to-date: /home/zima/d_hospital/install/firmware_minihema/include/minihema_hardware/firmware_minihema/minihema_hardware.hpp
[0.206s] -- Up-to-date: /home/zima/d_hospital/install/firmware_minihema/include/minihema_hardware/firmware_minihema/DEV_Config.h
[0.206s] -- Up-to-date: /home/zima/d_hospital/install/firmware_minihema/include/minihema_hardware/firmware_minihema/wheel.hpp
[0.206s] -- Up-to-date: /home/zima/d_hospital/install/firmware_minihema/include/minihema_hardware/firmware_minihema/KeyesDriver.h
[0.206s] -- Up-to-date: /home/zima/d_hospital/install/firmware_minihema/include/minihema_hardware/firmware_minihema/motor_encoder.h
[0.207s] -- Up-to-date: /home/zima/d_hospital/install/firmware_minihema/lib/libminihema_hardware.so
[0.207s] -- Up-to-date: /home/zima/d_hospital/install/firmware_minihema/lib/firmware_minihema/motor_test
[0.207s] -- Up-to-date: /home/zima/d_hospital/install/firmware_minihema/share/firmware_minihema/environment/library_path.sh
[0.208s] -- Up-to-date: /home/zima/d_hospital/install/firmware_minihema/share/firmware_minihema/environment/library_path.dsv
[0.208s] -- Up-to-date: /home/zima/d_hospital/install/firmware_minihema/share/ament_index/resource_index/package_run_dependencies/firmware_minihema
[0.208s] -- Up-to-date: /home/zima/d_hospital/install/firmware_minihema/share/ament_index/resource_index/parent_prefix_path/firmware_minihema
[0.208s] -- Up-to-date: /home/zima/d_hospital/install/firmware_minihema/share/firmware_minihema/environment/ament_prefix_path.sh
[0.208s] -- Up-to-date: /home/zima/d_hospital/install/firmware_minihema/share/firmware_minihema/environment/ament_prefix_path.dsv
[0.208s] -- Up-to-date: /home/zima/d_hospital/install/firmware_minihema/share/firmware_minihema/environment/path.sh
[0.208s] -- Up-to-date: /home/zima/d_hospital/install/firmware_minihema/share/firmware_minihema/environment/path.dsv
[0.208s] -- Up-to-date: /home/zima/d_hospital/install/firmware_minihema/share/firmware_minihema/local_setup.bash
[0.208s] -- Up-to-date: /home/zima/d_hospital/install/firmware_minihema/share/firmware_minihema/local_setup.sh
[0.208s] -- Up-to-date: /home/zima/d_hospital/install/firmware_minihema/share/firmware_minihema/local_setup.zsh
[0.208s] -- Up-to-date: /home/zima/d_hospital/install/firmware_minihema/share/firmware_minihema/local_setup.dsv
[0.208s] -- Installing: /home/zima/d_hospital/install/firmware_minihema/share/firmware_minihema/package.dsv
[0.210s] -- Up-to-date: /home/zima/d_hospital/install/firmware_minihema/share/ament_index/resource_index/packages/firmware_minihema
[0.210s] -- Up-to-date: /home/zima/d_hospital/install/firmware_minihema/share/ament_index/resource_index/hardware_interface__pluginlib__plugin/firmware_minihema
[0.210s] -- Up-to-date: /home/zima/d_hospital/install/firmware_minihema/share/firmware_minihema/cmake/ament_cmake_export_libraries-extras.cmake
[0.211s] -- Up-to-date: /home/zima/d_hospital/install/firmware_minihema/share/firmware_minihema/cmake/firmware_minihemaConfig.cmake
[0.211s] -- Up-to-date: /home/zima/d_hospital/install/firmware_minihema/share/firmware_minihema/cmake/firmware_minihemaConfig-version.cmake
[0.211s] -- Up-to-date: /home/zima/d_hospital/install/firmware_minihema/share/firmware_minihema/package.xml
[0.220s] Invoked command in '/home/zima/d_hospital/build/firmware_minihema' returned '0': CMAKE_PREFIX_PATH=${CMAKE_PREFIX_PATH}:/opt/ros/humble PS1=\[\e]0;\u@\h: \w\a\]${debian_chroot:+($debian_chroot)}\[\033[01;32m\]\u@\h\[\033[00m\]:\[\033[01;34m\]\w\[\033[00m\]\$ /usr/bin/cmake --install /home/zima/d_hospital/build/firmware_minihema
