-- The C compiler identification is GNU 11.4.0
-- The CXX compiler identification is GNU 11.4.0
-- Detecting C compiler ABI info
-- Detecting C compiler ABI info - done
-- Check for working C compiler: /usr/bin/cc - skipped
-- Detecting C compile features
-- Detecting C compile features - done
-- Detecting CXX compiler ABI info
-- Detecting CXX compiler ABI info - done
-- Check for working CXX compiler: /usr/bin/c++ - skipped
-- Detecting CXX compile features
-- Detecting CXX compile features - done
-- Found ament_cmake: 1.3.11 (/opt/ros/humble/share/ament_cmake/cmake)
-- Found Python3: /usr/bin/python3 (found version "3.10.12") found components: Interpreter 
-- Found hardware_interface: 2.50.0 (/opt/ros/humble/share/hardware_interface/cmake)
-- Found rosidl_generator_c: 3.1.6 (/opt/ros/humble/share/rosidl_generator_c/cmake)
-- Found rosidl_adapter: 3.1.6 (/opt/ros/humble/share/rosidl_adapter/cmake)
-- Found rosidl_generator_cpp: 3.1.6 (/opt/ros/humble/share/rosidl_generator_cpp/cmake)
-- Using all available rosidl_typesupport_c: rosidl_typesupport_fastrtps_c;rosidl_typesupport_introspection_c
-- Using all available rosidl_typesupport_cpp: rosidl_typesupport_fastrtps_cpp;rosidl_typesupport_introspection_cpp
-- Found rmw_implementation_cmake: 6.1.2 (/opt/ros/humble/share/rmw_implementation_cmake/cmake)
-- Found rmw_fastrtps_cpp: 6.2.7 (/opt/ros/humble/share/rmw_fastrtps_cpp/cmake)
-- Found TinyXML2 via Config file: TinyXML2_DIR-NOTFOUND
-- Found OpenSSL: /usr/lib/x86_64-linux-gnu/libcrypto.so (found version "3.0.2")  
-- Found TinyXML2 via Config file: TinyXML2_DIR-NOTFOUND
-- Found FastRTPS: /opt/ros/humble/include  
-- Found TinyXML2 via Config file: TinyXML2_DIR-NOTFOUND
-- Found TinyXML2 via Config file: TinyXML2_DIR-NOTFOUND
-- Using RMW implementation 'rmw_fastrtps_cpp' as default
-- Looking for pthread.h
-- Looking for pthread.h - found
-- Performing Test CMAKE_HAVE_LIBC_PTHREAD
-- Performing Test CMAKE_HAVE_LIBC_PTHREAD - Success
-- Found Threads: TRUE  
-- Configuring done
-- Generating done
-- Build files have been written to: /home/zima/d_hospital/build/minihema_launch
[ 11%] [32mBuilding CXX object CMakeFiles/mpu6050_hardware_interface.dir/src/mpu6050_hardware_interface.cpp.o[0m
[ 33%] [32mBuilding CXX object CMakeFiles/mpu6050_offsets.dir/src/mpu6050_lib.cpp.o[0m
[ 33%] [32mBuilding CXX object CMakeFiles/mpu6050_covariances.dir/src/mpu6050_covariances.cpp.o[0m
[ 44%] [32mBuilding CXX object CMakeFiles/mpu6050_covariances.dir/src/mpu6050_lib.cpp.o[0m
[ 55%] [32mBuilding CXX object CMakeFiles/mpu6050_offsets.dir/src/mpu6050_offsets.cpp.o[0m
[ 66%] [32mBuilding CXX object CMakeFiles/mpu6050_hardware_interface.dir/src/mpu6050_lib.cpp.o[0m
[ 77%] [32m[1mLinking CXX executable mpu6050_offsets[0m
[ 88%] [32m[1mLinking CXX executable mpu6050_covariances[0m
[ 88%] Built target mpu6050_offsets
[ 88%] Built target mpu6050_covariances
[100%] [32m[1mLinking CXX shared library libmpu6050_hardware_interface.so[0m
[100%] Built target mpu6050_hardware_interface
-- Install configuration: ""
-- Installing: /home/zima/d_hospital/install/minihema_launch/share/minihema_launch/mpu6050_hardware.xml
-- Installing: /home/zima/d_hospital/install/minihema_launch/include/mpu6050_hardware_interface
-- Installing: /home/zima/d_hospital/install/minihema_launch/include/mpu6050_hardware_interface/minihema_launch
-- Installing: /home/zima/d_hospital/install/minihema_launch/include/mpu6050_hardware_interface/minihema_launch/mpu6050_lib.h
-- Installing: /home/zima/d_hospital/install/minihema_launch/include/mpu6050_hardware_interface/minihema_launch/mpu6050_hardware_interface.hpp
-- Installing: /home/zima/d_hospital/install/minihema_launch/lib/minihema_launch/libmpu6050_hardware_interface.so
-- Set runtime path of "/home/zima/d_hospital/install/minihema_launch/lib/minihema_launch/libmpu6050_hardware_interface.so" to ""
-- Installing: /home/zima/d_hospital/install/minihema_launch/share/minihema_launch/config
-- Installing: /home/zima/d_hospital/install/minihema_launch/share/minihema_launch/config/gazebo_ros2_ctl_use_sim.yaml
-- Installing: /home/zima/d_hospital/install/minihema_launch/share/minihema_launch/config/controllers.yaml
-- Installing: /home/zima/d_hospital/install/minihema_launch/share/minihema_launch/launch
-- Installing: /home/zima/d_hospital/install/minihema_launch/share/minihema_launch/launch/rplidar_launch.py
-- Installing: /home/zima/d_hospital/install/minihema_launch/share/minihema_launch/launch/camera_launch.py
-- Installing: /home/zima/d_hospital/install/minihema_launch/share/minihema_launch/launch/minihema_launch.py
-- Installing: /home/zima/d_hospital/install/minihema_launch/share/minihema_launch/environment/library_path.sh
-- Installing: /home/zima/d_hospital/install/minihema_launch/share/minihema_launch/environment/library_path.dsv
-- Installing: /home/zima/d_hospital/install/minihema_launch/lib/minihema_launch/mpu6050_offsets
-- Installing: /home/zima/d_hospital/install/minihema_launch/lib/minihema_launch/mpu6050_covariances
-- Installing: /home/zima/d_hospital/install/minihema_launch/share/ament_index/resource_index/package_run_dependencies/minihema_launch
-- Installing: /home/zima/d_hospital/install/minihema_launch/share/ament_index/resource_index/parent_prefix_path/minihema_launch
-- Installing: /home/zima/d_hospital/install/minihema_launch/share/minihema_launch/environment/ament_prefix_path.sh
-- Installing: /home/zima/d_hospital/install/minihema_launch/share/minihema_launch/environment/ament_prefix_path.dsv
-- Installing: /home/zima/d_hospital/install/minihema_launch/share/minihema_launch/environment/path.sh
-- Installing: /home/zima/d_hospital/install/minihema_launch/share/minihema_launch/environment/path.dsv
-- Installing: /home/zima/d_hospital/install/minihema_launch/share/minihema_launch/local_setup.bash
-- Installing: /home/zima/d_hospital/install/minihema_launch/share/minihema_launch/local_setup.sh
-- Installing: /home/zima/d_hospital/install/minihema_launch/share/minihema_launch/local_setup.zsh
-- Installing: /home/zima/d_hospital/install/minihema_launch/share/minihema_launch/local_setup.dsv
-- Installing: /home/zima/d_hospital/install/minihema_launch/share/minihema_launch/package.dsv
-- Installing: /home/zima/d_hospital/install/minihema_launch/share/ament_index/resource_index/packages/minihema_launch
-- Installing: /home/zima/d_hospital/install/minihema_launch/share/ament_index/resource_index/hardware_interface__pluginlib__plugin/minihema_launch
-- Installing: /home/zima/d_hospital/install/minihema_launch/share/minihema_launch/cmake/ament_cmake_export_libraries-extras.cmake
-- Installing: /home/zima/d_hospital/install/minihema_launch/share/minihema_launch/cmake/minihema_launchConfig.cmake
-- Installing: /home/zima/d_hospital/install/minihema_launch/share/minihema_launch/cmake/minihema_launchConfig-version.cmake
-- Installing: /home/zima/d_hospital/install/minihema_launch/share/minihema_launch/package.xml
