[0.021s] Invoking command in '/home/zima/d_hospital/build/minihema_launch': CMAKE_PREFIX_PATH=${CMAKE_PREFIX_PATH}:/opt/ros/humble PS1=\[\e]0;\u@\h: \w\a\]${debian_chroot:+($debian_chroot)}\[\033[01;32m\]\u@\h\[\033[00m\]:\[\033[01;34m\]\w\[\033[00m\]\$ /usr/bin/cmake /home/zima/d_hospital/src/minihema_launch -DCMAKE_INSTALL_PREFIX=/home/zima/d_hospital/install/minihema_launch
[0.154s] -- The C compiler identification is GNU 11.4.0
[0.246s] -- The CXX compiler identification is GNU 11.4.0
[0.254s] -- Detecting C compiler ABI info
[0.327s] -- Detecting C compiler ABI info - done
[0.333s] -- Check for working C compiler: /usr/bin/cc - skipped
[0.334s] -- Detecting C compile features
[0.335s] -- Detecting C compile features - done
[0.338s] -- Detecting CXX compiler ABI info
[0.413s] -- Detecting CXX compiler ABI info - done
[0.418s] -- Check for working CXX compiler: /usr/bin/c++ - skipped
[0.419s] -- Detecting CXX compile features
[0.419s] -- Detecting CXX compile features - done
[0.426s] -- Found ament_cmake: 1.3.11 (/opt/ros/humble/share/ament_cmake/cmake)
[0.554s] -- Found Python3: /usr/bin/python3 (found version "3.10.12") found components: Interpreter 
[0.666s] -- Found hardware_interface: 2.50.0 (/opt/ros/humble/share/hardware_interface/cmake)
[0.737s] -- Found rosidl_generator_c: 3.1.6 (/opt/ros/humble/share/rosidl_generator_c/cmake)
[0.744s] -- Found rosidl_adapter: 3.1.6 (/opt/ros/humble/share/rosidl_adapter/cmake)
[0.755s] -- Found rosidl_generator_cpp: 3.1.6 (/opt/ros/humble/share/rosidl_generator_cpp/cmake)
[0.772s] -- Using all available rosidl_typesupport_c: rosidl_typesupport_fastrtps_c;rosidl_typesupport_introspection_c
[0.793s] -- Using all available rosidl_typesupport_cpp: rosidl_typesupport_fastrtps_cpp;rosidl_typesupport_introspection_cpp
[1.061s] -- Found rmw_implementation_cmake: 6.1.2 (/opt/ros/humble/share/rmw_implementation_cmake/cmake)
[1.065s] -- Found rmw_fastrtps_cpp: 6.2.7 (/opt/ros/humble/share/rmw_fastrtps_cpp/cmake)
[1.100s] -- Found TinyXML2 via Config file: TinyXML2_DIR-NOTFOUND
[1.158s] -- Found OpenSSL: /usr/lib/x86_64-linux-gnu/libcrypto.so (found version "3.0.2")  
[1.162s] -- Found TinyXML2 via Config file: TinyXML2_DIR-NOTFOUND
[1.176s] -- Found FastRTPS: /opt/ros/humble/include  
[1.178s] -- Found TinyXML2 via Config file: TinyXML2_DIR-NOTFOUND
[1.186s] -- Found TinyXML2 via Config file: TinyXML2_DIR-NOTFOUND
[1.195s] -- Using RMW implementation 'rmw_fastrtps_cpp' as default
[1.207s] -- Looking for pthread.h
[1.271s] -- Looking for pthread.h - found
[1.271s] -- Performing Test CMAKE_HAVE_LIBC_PTHREAD
[1.334s] -- Performing Test CMAKE_HAVE_LIBC_PTHREAD - Success
[1.335s] -- Found Threads: TRUE  
[1.438s] -- Configuring done
[1.473s] -- Generating done
[1.477s] -- Build files have been written to: /home/zima/d_hospital/build/minihema_launch
[1.489s] Invoked command in '/home/zima/d_hospital/build/minihema_launch' returned '0': CMAKE_PREFIX_PATH=${CMAKE_PREFIX_PATH}:/opt/ros/humble PS1=\[\e]0;\u@\h: \w\a\]${debian_chroot:+($debian_chroot)}\[\033[01;32m\]\u@\h\[\033[00m\]:\[\033[01;34m\]\w\[\033[00m\]\$ /usr/bin/cmake /home/zima/d_hospital/src/minihema_launch -DCMAKE_INSTALL_PREFIX=/home/zima/d_hospital/install/minihema_launch
[1.490s] Invoking command in '/home/zima/d_hospital/build/minihema_launch': CMAKE_PREFIX_PATH=${CMAKE_PREFIX_PATH}:/opt/ros/humble PS1=\[\e]0;\u@\h: \w\a\]${debian_chroot:+($debian_chroot)}\[\033[01;32m\]\u@\h\[\033[00m\]:\[\033[01;34m\]\w\[\033[00m\]\$ /usr/bin/cmake --build /home/zima/d_hospital/build/minihema_launch -- -j16 -l16
[1.531s] [ 11%] [32mBuilding CXX object CMakeFiles/mpu6050_hardware_interface.dir/src/mpu6050_hardware_interface.cpp.o[0m
[1.532s] [ 33%] [32mBuilding CXX object CMakeFiles/mpu6050_offsets.dir/src/mpu6050_lib.cpp.o[0m
[1.532s] [ 33%] [32mBuilding CXX object CMakeFiles/mpu6050_covariances.dir/src/mpu6050_covariances.cpp.o[0m
[1.532s] [ 44%] [32mBuilding CXX object CMakeFiles/mpu6050_covariances.dir/src/mpu6050_lib.cpp.o[0m
[1.532s] [ 55%] [32mBuilding CXX object CMakeFiles/mpu6050_offsets.dir/src/mpu6050_offsets.cpp.o[0m
[1.534s] [ 66%] [32mBuilding CXX object CMakeFiles/mpu6050_hardware_interface.dir/src/mpu6050_lib.cpp.o[0m
[1.983s] [ 77%] [32m[1mLinking CXX executable mpu6050_offsets[0m
[2.012s] [ 88%] [32m[1mLinking CXX executable mpu6050_covariances[0m
[2.056s] [ 88%] Built target mpu6050_offsets
[2.078s] [ 88%] Built target mpu6050_covariances
[3.981s] [100%] [32m[1mLinking CXX shared library libmpu6050_hardware_interface.so[0m
[4.113s] [100%] Built target mpu6050_hardware_interface
[4.121s] Invoked command in '/home/zima/d_hospital/build/minihema_launch' returned '0': CMAKE_PREFIX_PATH=${CMAKE_PREFIX_PATH}:/opt/ros/humble PS1=\[\e]0;\u@\h: \w\a\]${debian_chroot:+($debian_chroot)}\[\033[01;32m\]\u@\h\[\033[00m\]:\[\033[01;34m\]\w\[\033[00m\]\$ /usr/bin/cmake --build /home/zima/d_hospital/build/minihema_launch -- -j16 -l16
[4.122s] Invoking command in '/home/zima/d_hospital/build/minihema_launch': CMAKE_PREFIX_PATH=${CMAKE_PREFIX_PATH}:/opt/ros/humble PS1=\[\e]0;\u@\h: \w\a\]${debian_chroot:+($debian_chroot)}\[\033[01;32m\]\u@\h\[\033[00m\]:\[\033[01;34m\]\w\[\033[00m\]\$ /usr/bin/cmake --install /home/zima/d_hospital/build/minihema_launch
[4.128s] -- Install configuration: ""
[4.128s] -- Installing: /home/zima/d_hospital/install/minihema_launch/share/minihema_launch/mpu6050_hardware.xml
[4.129s] -- Installing: /home/zima/d_hospital/install/minihema_launch/include/mpu6050_hardware_interface
[4.129s] -- Installing: /home/zima/d_hospital/install/minihema_launch/include/mpu6050_hardware_interface/minihema_launch
[4.129s] -- Installing: /home/zima/d_hospital/install/minihema_launch/include/mpu6050_hardware_interface/minihema_launch/mpu6050_lib.h
[4.129s] -- Installing: /home/zima/d_hospital/install/minihema_launch/include/mpu6050_hardware_interface/minihema_launch/mpu6050_hardware_interface.hpp
[4.129s] -- Installing: /home/zima/d_hospital/install/minihema_launch/lib/minihema_launch/libmpu6050_hardware_interface.so
[4.129s] -- Set runtime path of "/home/zima/d_hospital/install/minihema_launch/lib/minihema_launch/libmpu6050_hardware_interface.so" to ""
[4.129s] -- Installing: /home/zima/d_hospital/install/minihema_launch/share/minihema_launch/config
[4.129s] -- Installing: /home/zima/d_hospital/install/minihema_launch/share/minihema_launch/config/gazebo_ros2_ctl_use_sim.yaml
[4.130s] -- Installing: /home/zima/d_hospital/install/minihema_launch/share/minihema_launch/config/controllers.yaml
[4.130s] -- Installing: /home/zima/d_hospital/install/minihema_launch/share/minihema_launch/launch
[4.130s] -- Installing: /home/zima/d_hospital/install/minihema_launch/share/minihema_launch/launch/rplidar_launch.py
[4.130s] -- Installing: /home/zima/d_hospital/install/minihema_launch/share/minihema_launch/launch/camera_launch.py
[4.130s] -- Installing: /home/zima/d_hospital/install/minihema_launch/share/minihema_launch/launch/minihema_launch.py
[4.130s] -- Installing: /home/zima/d_hospital/install/minihema_launch/share/minihema_launch/environment/library_path.sh
[4.130s] -- Installing: /home/zima/d_hospital/install/minihema_launch/share/minihema_launch/environment/library_path.dsv
[4.130s] -- Installing: /home/zima/d_hospital/install/minihema_launch/lib/minihema_launch/mpu6050_offsets
[4.131s] -- Installing: /home/zima/d_hospital/install/minihema_launch/lib/minihema_launch/mpu6050_covariances
[4.131s] -- Installing: /home/zima/d_hospital/install/minihema_launch/share/ament_index/resource_index/package_run_dependencies/minihema_launch
[4.131s] -- Installing: /home/zima/d_hospital/install/minihema_launch/share/ament_index/resource_index/parent_prefix_path/minihema_launch
[4.131s] -- Installing: /home/zima/d_hospital/install/minihema_launch/share/minihema_launch/environment/ament_prefix_path.sh
[4.131s] -- Installing: /home/zima/d_hospital/install/minihema_launch/share/minihema_launch/environment/ament_prefix_path.dsv
[4.131s] -- Installing: /home/zima/d_hospital/install/minihema_launch/share/minihema_launch/environment/path.sh
[4.131s] -- Installing: /home/zima/d_hospital/install/minihema_launch/share/minihema_launch/environment/path.dsv
[4.131s] -- Installing: /home/zima/d_hospital/install/minihema_launch/share/minihema_launch/local_setup.bash
[4.131s] -- Installing: /home/zima/d_hospital/install/minihema_launch/share/minihema_launch/local_setup.sh
[4.131s] -- Installing: /home/zima/d_hospital/install/minihema_launch/share/minihema_launch/local_setup.zsh
[4.131s] -- Installing: /home/zima/d_hospital/install/minihema_launch/share/minihema_launch/local_setup.dsv
[4.132s] -- Installing: /home/zima/d_hospital/install/minihema_launch/share/minihema_launch/package.dsv
[4.132s] -- Installing: /home/zima/d_hospital/install/minihema_launch/share/ament_index/resource_index/packages/minihema_launch
[4.132s] -- Installing: /home/zima/d_hospital/install/minihema_launch/share/ament_index/resource_index/hardware_interface__pluginlib__plugin/minihema_launch
[4.132s] -- Installing: /home/zima/d_hospital/install/minihema_launch/share/minihema_launch/cmake/ament_cmake_export_libraries-extras.cmake
[4.132s] -- Installing: /home/zima/d_hospital/install/minihema_launch/share/minihema_launch/cmake/minihema_launchConfig.cmake
[4.132s] -- Installing: /home/zima/d_hospital/install/minihema_launch/share/minihema_launch/cmake/minihema_launchConfig-version.cmake
[4.132s] -- Installing: /home/zima/d_hospital/install/minihema_launch/share/minihema_launch/package.xml
[4.134s] Invoked command in '/home/zima/d_hospital/build/minihema_launch' returned '0': CMAKE_PREFIX_PATH=${CMAKE_PREFIX_PATH}:/opt/ros/humble PS1=\[\e]0;\u@\h: \w\a\]${debian_chroot:+($debian_chroot)}\[\033[01;32m\]\u@\h\[\033[00m\]:\[\033[01;34m\]\w\[\033[00m\]\$ /usr/bin/cmake --install /home/zima/d_hospital/build/minihema_launch
