-- Install configuration: ""
-- Up-to-date: /home/zima/d_hospital/install/d_hospital_slam/share/d_hospital_slam/config
-- Up-to-date: /home/zima/d_hospital/install/d_hospital_slam/share/d_hospital_slam/config/mapper_params_online_async.yaml
-- Up-to-date: /home/zima/d_hospital/install/d_hospital_slam/share/d_hospital_slam/launch
-- Up-to-date: /home/zima/d_hospital/install/d_hospital_slam/share/d_hospital_slam/launch/online_async_launch.py
-- Up-to-date: /home/zima/d_hospital/install/d_hospital_slam/share/d_hospital_slam/rviz
-- Up-to-date: /home/zima/d_hospital/install/d_hospital_slam/share/d_hospital_slam/rviz/lidarbot_slam.rviz
-- Up-to-date: /home/zima/d_hospital/install/d_hospital_slam/share/ament_index/resource_index/package_run_dependencies/d_hospital_slam
-- Up-to-date: /home/zima/d_hospital/install/d_hospital_slam/share/ament_index/resource_index/parent_prefix_path/d_hospital_slam
-- Up-to-date: /home/zima/d_hospital/install/d_hospital_slam/share/d_hospital_slam/environment/ament_prefix_path.sh
-- Up-to-date: /home/zima/d_hospital/install/d_hospital_slam/share/d_hospital_slam/environment/ament_prefix_path.dsv
-- Up-to-date: /home/zima/d_hospital/install/d_hospital_slam/share/d_hospital_slam/environment/path.sh
-- Up-to-date: /home/zima/d_hospital/install/d_hospital_slam/share/d_hospital_slam/environment/path.dsv
-- Up-to-date: /home/zima/d_hospital/install/d_hospital_slam/share/d_hospital_slam/local_setup.bash
-- Up-to-date: /home/zima/d_hospital/install/d_hospital_slam/share/d_hospital_slam/local_setup.sh
-- Up-to-date: /home/zima/d_hospital/install/d_hospital_slam/share/d_hospital_slam/local_setup.zsh
-- Up-to-date: /home/zima/d_hospital/install/d_hospital_slam/share/d_hospital_slam/local_setup.dsv
-- Installing: /home/zima/d_hospital/install/d_hospital_slam/share/d_hospital_slam/package.dsv
-- Up-to-date: /home/zima/d_hospital/install/d_hospital_slam/share/ament_index/resource_index/packages/d_hospital_slam
-- Up-to-date: /home/zima/d_hospital/install/d_hospital_slam/share/d_hospital_slam/cmake/d_hospital_slamConfig.cmake
-- Up-to-date: /home/zima/d_hospital/install/d_hospital_slam/share/d_hospital_slam/cmake/d_hospital_slamConfig-version.cmake
-- Up-to-date: /home/zima/d_hospital/install/d_hospital_slam/share/d_hospital_slam/package.xml
